Microchip MPLAB XC8 Compiler V3.00

Linker command line:

-W-3 \
  --edf=C:\Program Files\Microchip\xc8\v3.00\pic\dat\20241204225717_en.msgs \
  -pivt0x8=08h -cn -h+dist/default/debug\cansw_mcb.debug.sym \
  --cmf=dist/default/debug\cansw_mcb.debug.cmf -z -Q18F26K83 \
  -oC:\Users\zkhua\AppData\Local\Temp\xcAsc28.\driver_tmp_3.o \
  --defsym=__MPLAB_BUILD=1 --fixupoverflow=error \
  -Mdist/default/debug/cansw_mcb.debug.map \
  --md=C:\Users\zkhua\AppData\Local\Temp\xcAsc28.\driver_tmp_0.dat -E1 \
  -ver=XC8 Compiler -ACODE=00h-0FFFFh -ACONST=00h-0FFFFh \
  -ASMALLCONST=01000h-010FFhx240 -AMEDIUMCONST=01000h-0FFFFh \
  -ACOMRAM=01h-05Fh -AABS1=00h-0FFFh -ABIGRAM=01h-0FFFh \
  -ARAM=060h-0FFh,0100h-01FFhx15 -ABANK0=060h-0FFh -ABANK1=0100h-01FFh \
  -ABANK2=0200h-02FFh -ABANK3=0300h-03FFh -ABANK4=0400h-04FFh \
  -ABANK5=0500h-05FFh -ABANK6=0600h-06FFh -ABANK7=0700h-07FFh \
  -ABANK8=0800h-08FFh -ABANK9=0900h-09FFh -ABANK10=0A00h-0AFFh \
  -ABANK11=0B00h-0BFFh -ABANK12=0C00h-0CFFh -ABANK13=0D00h-0DFFh \
  -ABANK14=0E00h-0EFFh -ABANK15=0F00h-0FFFh \
  -ASFR=03700h-037FFhx8,03F00h-03F5Fh,03F60h-03FFFh -ABIGSFR=03700h-03FFFh \
  -ACONFIG=0300000h-0300009h -AIDLOC=0200000h-020000Fh \
  -AEEDATA=0310000h-03103FFh -peeprom_data=EEDATA -preset_vec=00h \
  -ppowerup=CODE,init -pramtop=01000h -psmallconst=SMALLCONST \
  -pmediumconst=MEDIUMCONST -pconst=CONST -AFARRAM=00h-00h \
  -prdata=COMRAM,nvrram=COMRAM,nvbit=COMRAM,rbss=COMRAM,rbit=COMRAM \
  -pfarbss=FARRAM,fardata=FARRAM,nvFARRAM=FARRAM \
  -pintsave_regs=BIGRAM,bigbss=BIGRAM,bigdata=BIGRAM -pbss=RAM \
  -pidata=CODE,irdata=CODE,ibigdata=CODE,ifardata=CODE -prparam=COMRAM \
  C:\Users\zkhua\AppData\Local\Temp\xcAsc28.\driver_tmp_9.o \
  dist/default/debug\cansw_mcb.debug.o 

Object code version is 3.11

Machine type is 18F26K83



                Name                               Link     Load   Length Selector   Space Scale
C:\Users\zkhua\AppData\Local\Temp\xcAsc28.\driver_tmp_9.o
                config                           300000   300000        A        0       4
                init                                 1A       1A        4        4       0
                reset_vec                             0        0        6        0       0
dist/default/debug\cansw_mcb.debug.o
                config                           300000   300000        A        0       4
                smallconst                         1000     1000        8      800       0
                ivt0x8                                8        8       12        4       0
                text52                             32BA     32BA       5E      804       0
                text51                             3250     3250       6A      804       0
                text50                             2F38     2F38       7A      804       0
                text49                             2EBE     2EBE       7A      804       0
                text48                             356E     356E       46      804       0
                text47                             2DBA     2DBA       8A      804       0
                text46                             2912     2912      104      804       0
                text45                             342C     342C       5A      804       0
                text44                             190C     190C      32A      804       0
                text43                             3720     3720       28      804       0
                text42                             317A     317A       6C      804       0
                text41                             3794     3794       22      804       0
                text40                             2BAA     2BAA       BC      804       0
                text39                             1E4C     1E4C      1BE      804       0
                text38                             237A     237A      160      804       0
                text37                             2FB2     2FB2       76      804       0
                text36                             3028     3028       74      804       0
                text35                             3666     3666       34      804       0
                text34                             31E6     31E6       6A      804       0
                text33                             14C0     14C0      44C      804       0
                text32                             21C2     21C2      1B8      804       0
                text31                             280E     280E      104      804       0
                text30                             270A     270A      104      804       0
                text29                             2E44     2E44       7A      804       0
                text28                             33D0     33D0       5C      804       0
                text27                             37B6     37B6       20      804       0
                text26                             36C8     36C8       2E      804       0
                text25                             3486     3486       54      804       0
                text24                             2C66     2C66       AC      804       0
                text23                             1008     1008      4B8      804       0
                text22                             3526     3526       48      804       0
                text21                             25F2     25F2      118      804       0
                text20                             24DA     24DA      118      804       0
                text19                             36F6     36F6       2A      804       0
                text18                             376E     376E       26      804       0
                text17                             34DA     34DA       4C      804       0
                text16                             380A     380A       14      804       0
                text15                             3748     3748       26      804       0
                text14                             381E     381E       10      804       0
                text13                             35B4     35B4       44      804       0
                text12                             37D6     37D6       1E      804       0
                text11                             310E     310E       6C      804       0
                text10                             3374     3374       5C      804       0
                text9                              2D12     2D12       A8      804       0
                text8                              2AE0     2AE0       CA      804       0
                text7                              369A     369A       2E      804       0
                text6                              200A     200A      1B8      804       0
                text5                              37F4     37F4       16      804       0
                text4                              35F8     35F8       38      804       0
                text3                              2A16     2A16       CA      804       0
                text2                              309C     309C       72      804       0
                text1                              3318     3318       5C      804       0
                text0                              1C36     1C36      216      804       0
                cstackCOMRAM                          1        1       3B        1       1
                cstackBANK0                          60       60       62       60       1
                bssBANK1                            100      100       64      100       1
                bssBANK0                             C2       C2       32       60       1
                bssCOMRAM                            3C       3C        6        1       1
                cinit                              3630     3630       36      804       0

TOTAL           Name                               Link     Load   Length     Space
        CLASS   CODE           
                init                                 1A       1A        4         0
                reset_vec                             0        0        6         0
                ivt0x8                                8        8       12         0
                text52                             32BA     32BA       5E         0
                text51                             3250     3250       6A         0
                text50                             2F38     2F38       7A         0
                text49                             2EBE     2EBE       7A         0
                text48                             356E     356E       46         0
                text47                             2DBA     2DBA       8A         0
                text46                             2912     2912      104         0
                text45                             342C     342C       5A         0
                text44                             190C     190C      32A         0
                text43                             3720     3720       28         0
                text42                             317A     317A       6C         0
                text41                             3794     3794       22         0
                text40                             2BAA     2BAA       BC         0
                text39                             1E4C     1E4C      1BE         0
                text38                             237A     237A      160         0
                text37                             2FB2     2FB2       76         0
                text36                             3028     3028       74         0
                text35                             3666     3666       34         0
                text34                             31E6     31E6       6A         0
                text33                             14C0     14C0      44C         0
                text32                             21C2     21C2      1B8         0
                text31                             280E     280E      104         0
                text30                             270A     270A      104         0
                text29                             2E44     2E44       7A         0
                text28                             33D0     33D0       5C         0
                text27                             37B6     37B6       20         0
                text26                             36C8     36C8       2E         0
                text25                             3486     3486       54         0
                text24                             2C66     2C66       AC         0
                text23                             1008     1008      4B8         0
                text22                             3526     3526       48         0
                text21                             25F2     25F2      118         0
                text20                             24DA     24DA      118         0
                text19                             36F6     36F6       2A         0
                text18                             376E     376E       26         0
                text17                             34DA     34DA       4C         0
                text16                             380A     380A       14         0
                text15                             3748     3748       26         0
                text14                             381E     381E       10         0
                text13                             35B4     35B4       44         0
                text12                             37D6     37D6       1E         0
                text11                             310E     310E       6C         0
                text10                             3374     3374       5C         0
                text9                              2D12     2D12       A8         0
                text8                              2AE0     2AE0       CA         0
                text7                              369A     369A       2E         0
                text6                              200A     200A      1B8         0
                text5                              37F4     37F4       16         0
                text4                              35F8     35F8       38         0
                text3                              2A16     2A16       CA         0
                text2                              309C     309C       72         0
                text1                              3318     3318       5C         0
                text0                              1C36     1C36      216         0
                cinit                              3630     3630       36         0

        CLASS   CONST          

        CLASS   SMALLCONST     
                smallconst                         1000     1000        8         0

        CLASS   MEDIUMCONST    

        CLASS   COMRAM         
                cstackCOMRAM                          1        1       3B         1
                bssCOMRAM                            3C       3C        6         1

        CLASS   ABS1           

        CLASS   BIGRAM         

        CLASS   RAM            

        CLASS   BANK0          
                cstackBANK0                          60       60       62         1
                bssBANK0                             C2       C2       32         1

        CLASS   BANK1          
                bssBANK1                            100      100       64         1

        CLASS   BANK2          

        CLASS   BANK3          

        CLASS   BANK4          

        CLASS   BANK5          

        CLASS   BANK6          

        CLASS   BANK7          

        CLASS   BANK8          

        CLASS   BANK9          

        CLASS   BANK10         

        CLASS   BANK11         

        CLASS   BANK12         

        CLASS   BANK13         

        CLASS   BANK14         

        CLASS   BANK15         

        CLASS   SFR            

        CLASS   BIGSFR         

        CLASS   CONFIG         
                config                           300000   300000        A         4

        CLASS   IDLOC          

        CLASS   EEDATA         

        CLASS   FARRAM         

        CLASS   HEAP           

        CLASS   STACK          



SEGMENTS        Name                           Load    Length   Top    Selector   Space  Class

                reset_vec                      000000  000006  000006         0       0  CODE    
                cstackCOMRAM                   000001  000041  000042         1       1  COMRAM  
                ivt0x8                         000008  000016  00001E         4       0  CODE    
                cstackBANK0                    000060  000094  0000F4        60       1  BANK0   
                bssBANK1                       000100  000064  000164       100       1  BANK1   
                smallconst                     001000  000008  001008       800       0  SMALLCON
                text23                         001008  002826  00382E       804       0  CODE    


UNUSED ADDRESS RANGES

        Name                Unused          Largest block    Delta
        BANK0            0000F4-0000FF                C
        BANK1            000164-0001FF               9C
        BANK10           000A00-000AFF              100
        BANK11           000B00-000BFF              100
        BANK12           000C00-000CFF              100
        BANK13           000D00-000DFF              100
        BANK14           000E00-000EFF              100
        BANK15           000F00-000FFF              100
        BANK2            000200-0002FF              100
        BANK3            000300-0003FF              100
        BANK4            000400-0004FF              100
        BANK5            000500-0005FF              100
        BANK6            000600-0006FF              100
        BANK7            000700-0007FF              100
        BANK8            000800-0008FF              100
        BANK9            000900-0009FF              100
        BIGRAM           000042-00005F               1E
                         0000F4-0000FF                C
                         000164-000FFF              E9C
        BIGSFR           003700-003FFF              900
        CODE             000006-000007                2
                         00001E-000FFF              FE2
                         00382E-00FFFF             C7D2
        COMRAM           000042-00005F               1E
        CONST            000006-000007                2
                         00001E-000FFF              FE2
                         00382E-00FFFF             C7D2
        EEDATA           310000-3103FF              400
        IDLOC            200000-20000F               10
        MEDIUMCONST      00382E-00FFFF             C7D2
        RAM              0000F4-0000FF                C
                         000164-000FFF              100
        SFR              003700-003FFF              100
        SMALLCONST       00382E-00FFFF              100

                                  Symbol Table

?___fladd                                cstackBANK0  000060
?___flmul                                cstackBANK0  000078
?___flsub                                cstackBANK0  000070
?___lwdiv                                cstackBANK0  000060
?___xxtofl                               cstackBANK0  000060
?_build_config_reg                       cstackBANK0  000060
?_current_read                           cstackBANK0  000091
?_filter_current                         cstackBANK0  000097
?_filter_voltage                         cstackBANK0  000097
?_get_actuator_id                        cstackCOMRAM 000007
?_get_cmd_actuator_state                 cstackCOMRAM 000007
?_get_message_type                       cstackCOMRAM 000001
?_get_offset_bytes                       cstackBANK0  000060
?_millis                                 cstackBANK0  000060
?_voltage_read                           cstackBANK0  000091
IVTBASEH                                 (abs)        003FD6
IVTBASEL                                 (abs)        003FD5
IVTBASEU                                 (abs)        003FD7
_ADCLK                                   (abs)        003EFF
_ADCON0bits                              (abs)        003EF8
_ADPCH                                   (abs)        003EF1
_ADRESH                                  (abs)        003EF0
_ADRESL                                  (abs)        003EEF
_ANSELA0                                 (abs)        01D200
_ANSELA1                                 (abs)        01D201
_ANSELA2                                 (abs)        01D202
_ANSELC0                                 (abs)        01D300
_ANSELC1                                 (abs)        01D301
_BRGCON1bits                             (abs)        003703
_BRGCON2bits                             (abs)        003704
_BRGCON3bits                             (abs)        003705
_CANCONbits                              (abs)        003F8F
_CANRXPPS                                (abs)        003AED
_CANSTATbits                             (abs)        003F8E
_CCP3CONbits                             (abs)        003F76
_CCPR3H                                  (abs)        003F75
_CCPR3L                                  (abs)        003F74
_CIOCONbits                              (abs)        003700
_CLKRCLK                                 (abs)        003CE6
_CLKRCON                                 (abs)        003CE5
_COMSTATbits                             (abs)        003F90
_ECANCONbits                             (abs)        003F91
_FVRCONbits                              (abs)        003EC1
_I2C1ADB1                                (abs)        003D6E
_I2C1CLK                                 (abs)        003D7B
_I2C1CNT                                 (abs)        003D6C
_I2C1CON0                                (abs)        003D73
_I2C1CON0bits                            (abs)        003D73
_I2C1CON1                                (abs)        003D74
_I2C1CON2                                (abs)        003D75
_I2C1ERR                                 (abs)        003D76
_I2C1ERRbits                             (abs)        003D76
_I2C1PIR                                 (abs)        003D79
_I2C1PIRbits                             (abs)        003D79
_I2C1RXB                                 (abs)        003D6A
_I2C1STAT1bits                           (abs)        003D78
_I2C1TXB                                 (abs)        003D6B
_INTCON0bits                             (abs)        003FD2
_ISR                                     text42       00317A
_LATA0                                   (abs)        01FDD0
_LATA1                                   (abs)        01FDD1
_LATC0                                   (abs)        01FDE0
_MOTOR_CENTER_PULSE_WIDTH_US             smallconst   001001
_ODCC0                                   (abs)        01D310
_OSCCON1                                 (abs)        0039D9
_OSCCON2                                 (abs)        0039DA
_OSCCON3bits                             (abs)        0039DB
_PIE1bits                                (abs)        003991
_PIE3bits                                (abs)        003993
_PIE5bits                                (abs)        003995
_PIR1bits                                (abs)        0039A1
_PIR3bits                                (abs)        0039A3
_PIR4bits                                (abs)        0039A4
_PIR5                                    (abs)        0039A5
_PIR5bits                                (abs)        0039A5
_RB4PPS                                  (abs)        003A0C
_RC0PPS                                  (abs)        003A10
_RXB0CONbits                             (abs)        003F80
_RXB0D0                                  (abs)        003F86
_RXB0DLCbits                             (abs)        003F85
_RXB0EIDH                                (abs)        003F83
_RXB0EIDL                                (abs)        003F84
_RXB0SIDH                                (abs)        003F81
_RXB0SIDL                                (abs)        003F82
_RXB1CONbits                             (abs)        0037F0
_RXB1D0                                  (abs)        0037F6
_RXB1DLCbits                             (abs)        0037F5
_RXB1EIDH                                (abs)        0037F3
_RXB1EIDL                                (abs)        0037F4
_RXB1SIDH                                (abs)        0037F1
_RXB1SIDL                                (abs)        0037F2
_RXM0SIDH                                (abs)        0037B8
_RXM0SIDL                                (abs)        0037B9
_RXM1SIDH                                (abs)        0037BC
_RXM1SIDL                                (abs)        0037BD
_T0CON0bits                              (abs)        003FB8
_T0CON1bits                              (abs)        003FB9
_T2CLK                                   (abs)        003FAE
_T2CONbits                               (abs)        003FAC
_T2PR                                    (abs)        003FAB
_TRISA0                                  (abs)        01FE10
_TRISA1                                  (abs)        01FE11
_TRISA2                                  (abs)        01FE12
_TRISB4                                  (abs)        01FE1C
_TRISC0                                  (abs)        01FE20
_TRISC1                                  (abs)        01FE21
_TRISC5                                  (abs)        01FE25
_TXB0CONbits                             (abs)        0037E0
_TXB0D0                                  (abs)        0037E6
_TXB0DLCbits                             (abs)        0037E5
_TXB0EIDH                                (abs)        0037E3
_TXB0EIDL                                (abs)        0037E4
_TXB0SIDH                                (abs)        0037E1
_TXB0SIDL                                (abs)        0037E2
__HRAM                                   (abs)        000000
__H__absolute__                          __absolute__ 000000
__Habs1                                  abs1         000000
__Hbank0                                 bank0        000000
__Hbank1                                 bank1        000000
__Hbank10                                bank10       000000
__Hbank11                                bank11       000000
__Hbank12                                bank12       000000
__Hbank13                                bank13       000000
__Hbank14                                bank14       000000
__Hbank15                                bank15       000000
__Hbank2                                 bank2        000000
__Hbank3                                 bank3        000000
__Hbank4                                 bank4        000000
__Hbank5                                 bank5        000000
__Hbank6                                 bank6        000000
__Hbank7                                 bank7        000000
__Hbank8                                 bank8        000000
__Hbank9                                 bank9        000000
__Hbigbss                                bigbss       000000
__Hbigdata                               bigdata      000000
__Hbigram                                bigram       000000
__Hbigsfr                                bigsfr       000000
__Hbss                                   bss          000000
__HbssBANK0                              bssBANK0     000000
__HbssBANK1                              bssBANK1     000000
__HbssCOMRAM                             bssCOMRAM    000000
__Hcinit                                 cinit        000000
__Hclrtext                               clrtext      000000
__Hcomram                                comram       000000
__Hconfig                                config       30000A
__Hconst                                 const        000000
__HcstackBANK0                           cstackBANK0  000000
__HcstackCOMRAM                          cstackCOMRAM 000000
__Hdata                                  data         000000
__Heeprom_data                           eeprom_data  000000
__Hfarbss                                farbss       000000
__Hfardata                               fardata      000000
__Hheap                                  heap         000000
__Hibigdata                              ibigdata     000000
__Hidata                                 idata        000000
__Hidloc                                 idloc        000000
__Hifardata                              ifardata     000000
__Hinit                                  init         00001E
__Hintsave_regs                          intsave_regs 000000
__Hirdata                                irdata       000000
__Hivt0x8                                ivt0x8       00001A
__Hmediumconst                           mediumconst  000000
__HnvFARRAM                              nvFARRAM     000000
__Hnvbit                                 nvbit        000000
__Hnvrram                                nvrram       000000
__Hparam                                 rparam       000000
__Hpowerup                               powerup      000000
__Hram                                   ram          000000
__Hramtop                                ramtop       001000
__Hrbit                                  rbit         000000
__Hrbss                                  rbss         000000
__Hrdata                                 rdata        000000
__Hreset_vec                             reset_vec    000006
__Hrparam                                rparam       000000
__Hsfr                                   sfr          000000
__Hsmallconst                            smallconst   001008
__Hspace_0                               (abs)        00382E
__Hspace_1                               (abs)        000164
__Hspace_2                               (abs)        000000
__Hspace_4                               (abs)        60000A
__Hstack                                 stack        000000
__Hstruct                                struct       000000
__Htemp                                  temp         000000
__Htext                                  text         000000
__Htext0                                 text0        000000
__Htext1                                 text1        000000
__Htext10                                text10       000000
__Htext11                                text11       000000
__Htext12                                text12       000000
__Htext13                                text13       000000
__Htext14                                text14       000000
__Htext15                                text15       000000
__Htext16                                text16       000000
__Htext17                                text17       000000
__Htext18                                text18       000000
__Htext19                                text19       000000
__Htext2                                 text2        000000
__Htext20                                text20       000000
__Htext21                                text21       000000
__Htext22                                text22       000000
__Htext23                                text23       000000
__Htext24                                text24       000000
__Htext25                                text25       000000
__Htext26                                text26       000000
__Htext27                                text27       000000
__Htext28                                text28       000000
__Htext29                                text29       000000
__Htext3                                 text3        000000
__Htext30                                text30       000000
__Htext31                                text31       000000
__Htext32                                text32       000000
__Htext33                                text33       000000
__Htext34                                text34       000000
__Htext35                                text35       000000
__Htext36                                text36       000000
__Htext37                                text37       000000
__Htext38                                text38       000000
__Htext39                                text39       000000
__Htext4                                 text4        000000
__Htext40                                text40       000000
__Htext41                                text41       000000
__Htext42                                text42       000000
__Htext43                                text43       000000
__Htext44                                text44       000000
__Htext45                                text45       000000
__Htext46                                text46       000000
__Htext47                                text47       000000
__Htext48                                text48       000000
__Htext49                                text49       000000
__Htext5                                 text5        000000
__Htext50                                text50       000000
__Htext51                                text51       000000
__Htext52                                text52       000000
__Htext6                                 text6        000000
__Htext7                                 text7        000000
__Htext8                                 text8        000000
__Htext9                                 text9        000000
__LRAM                                   (abs)        000001
__L__absolute__                          __absolute__ 000000
__Labs1                                  abs1         000000
__Lbank0                                 bank0        000000
__Lbank1                                 bank1        000000
__Lbank10                                bank10       000000
__Lbank11                                bank11       000000
__Lbank12                                bank12       000000
__Lbank13                                bank13       000000
__Lbank14                                bank14       000000
__Lbank15                                bank15       000000
__Lbank2                                 bank2        000000
__Lbank3                                 bank3        000000
__Lbank4                                 bank4        000000
__Lbank5                                 bank5        000000
__Lbank6                                 bank6        000000
__Lbank7                                 bank7        000000
__Lbank8                                 bank8        000000
__Lbank9                                 bank9        000000
__Lbigbss                                bigbss       000000
__Lbigdata                               bigdata      000000
__Lbigram                                bigram       000000
__Lbigsfr                                bigsfr       000000
__Lbss                                   bss          000000
__LbssBANK0                              bssBANK0     000000
__LbssBANK1                              bssBANK1     000000
__LbssCOMRAM                             bssCOMRAM    000000
__Lcinit                                 cinit        000000
__Lclrtext                               clrtext      000000
__Lcomram                                comram       000000
__Lconfig                                config       000000
__Lconst                                 const        000000
__LcstackBANK0                           cstackBANK0  000000
__LcstackCOMRAM                          cstackCOMRAM 000000
__Ldata                                  data         000000
__Leeprom_data                           eeprom_data  000000
__Lfarbss                                farbss       000000
__Lfardata                               fardata      000000
__Lheap                                  heap         000000
__Libigdata                              ibigdata     000000
__Lidata                                 idata        000000
__Lidloc                                 idloc        000000
__Lifardata                              ifardata     000000
__Linit                                  init         00001A
__Lintsave_regs                          intsave_regs 000000
__Lirdata                                irdata       000000
__Livt0x8                                ivt0x8       000008
__Lmediumconst                           mediumconst  000000
__LnvFARRAM                              nvFARRAM     000000
__Lnvbit                                 nvbit        000000
__Lnvrram                                nvrram       000000
__Lparam                                 rparam       000000
__Lpowerup                               powerup      000000
__Lram                                   ram          000000
__Lramtop                                ramtop       001000
__Lrbit                                  rbit         000000
__Lrbss                                  rbss         000000
__Lrdata                                 rdata        000000
__Lreset_vec                             reset_vec    000000
__Lrparam                                rparam       000000
__Lsfr                                   sfr          000000
__Lsmallconst                            smallconst   001000
__Lspace_0                               (abs)        000000
__Lspace_1                               (abs)        000000
__Lspace_2                               (abs)        000000
__Lspace_4                               (abs)        000000
__Lstack                                 stack        000000
__Lstruct                                struct       000000
__Ltemp                                  temp         000000
__Ltext                                  text         000000
__Ltext0                                 text0        000000
__Ltext1                                 text1        000000
__Ltext10                                text10       000000
__Ltext11                                text11       000000
__Ltext12                                text12       000000
__Ltext13                                text13       000000
__Ltext14                                text14       000000
__Ltext15                                text15       000000
__Ltext16                                text16       000000
__Ltext17                                text17       000000
__Ltext18                                text18       000000
__Ltext19                                text19       000000
__Ltext2                                 text2        000000
__Ltext20                                text20       000000
__Ltext21                                text21       000000
__Ltext22                                text22       000000
__Ltext23                                text23       000000
__Ltext24                                text24       000000
__Ltext25                                text25       000000
__Ltext26                                text26       000000
__Ltext27                                text27       000000
__Ltext28                                text28       000000
__Ltext29                                text29       000000
__Ltext3                                 text3        000000
__Ltext30                                text30       000000
__Ltext31                                text31       000000
__Ltext32                                text32       000000
__Ltext33                                text33       000000
__Ltext34                                text34       000000
__Ltext35                                text35       000000
__Ltext36                                text36       000000
__Ltext37                                text37       000000
__Ltext38                                text38       000000
__Ltext39                                text39       000000
__Ltext4                                 text4        000000
__Ltext40                                text40       000000
__Ltext41                                text41       000000
__Ltext42                                text42       000000
__Ltext43                                text43       000000
__Ltext44                                text44       000000
__Ltext45                                text45       000000
__Ltext46                                text46       000000
__Ltext47                                text47       000000
__Ltext48                                text48       000000
__Ltext49                                text49       000000
__Ltext5                                 text5        000000
__Ltext50                                text50       000000
__Ltext51                                text51       000000
__Ltext52                                text52       000000
__Ltext6                                 text6        000000
__Ltext7                                 text7        000000
__Ltext8                                 text8        000000
__Ltext9                                 text9        000000
__S0                                     (abs)        00382E
__S1                                     (abs)        000164
__S4                                     (abs)        000000
__S5                                     (abs)        000000
___fladd                                 text23       001008
___fladd@a                               cstackBANK0  000064
___fladd@aexp                            cstackBANK0  00006D
___fladd@b                               cstackBANK0  000060
___fladd@bexp                            cstackBANK0  00006E
___fladd@grs                             cstackBANK0  00006F
___fladd@signs                           cstackBANK0  00006C
___fleq                                  text24       002C66
___fleq@ff1                              cstackBANK0  000060
___fleq@ff2                              cstackBANK0  000064
___flmul                                 text33       0014C0
___flmul@a                               cstackBANK0  00007C
___flmul@aexp                            cstackBANK0  000089
___flmul@b                               cstackBANK0  000078
___flmul@bexp                            cstackBANK0  00008A
___flmul@grs                             cstackBANK0  000085
___flmul@prod                            cstackBANK0  00008B
___flmul@sign                            cstackBANK0  000084
___flmul@temp                            cstackBANK0  00008F
___flsub                                 text22       003526
___flsub@a                               cstackBANK0  000074
___flsub@b                               cstackBANK0  000070
___heap_hi                               (abs)        000000
___heap_lo                               (abs)        000000
___inthi_sp                              stack        000000
___inthi_stack_hi                        stack        000000
___inthi_stack_lo                        stack        000000
___intlo_sp                              stack        000000
___intlo_stack_hi                        stack        000000
___intlo_stack_lo                        stack        000000
___lwdiv                                 text37       002FB2
___lwdiv@counter                         cstackBANK0  000066
___lwdiv@dividend                        cstackBANK0  000060
___lwdiv@divisor                         cstackBANK0  000062
___lwdiv@quotient                        cstackBANK0  000064
___param_bank                            (abs)        000000
___rparam_used                           (abs)        000001
___sp                                    stack        000000
___stack_hi                              stack        000000
___stack_lo                              stack        000000
___xxtofl                                text32       0021C2
___xxtofl@arg                            cstackBANK0  00006A
___xxtofl@exp                            cstackBANK0  000069
___xxtofl@sign                           cstackBANK0  000068
___xxtofl@val                            cstackBANK0  000060
__accesstop                              (abs)        000060
__activetblptr                           (abs)        000003
__end_of_ISR                             text42       0031E6
__end_of_MOTOR_CENTER_PULSE_WIDTH_US     smallconst   001003
__end_of_MOTOR_MAX_PULSE_WIDTH_US        smallconst   001005
__end_of_MOTOR_MIN_PULSE_WIDTH_US        smallconst   001007
__end_of___fladd                         text23       0014C0
__end_of___fleq                          text24       002D12
__end_of___flmul                         text33       00190C
__end_of___flsub                         text22       00356E
__end_of___lwdiv                         text37       003028
__end_of___xxtofl                        text32       00237A
__end_of__initialization                 cinit        003660
__end_of_build_analog_data_msg           text40       002C66
__end_of_build_config_reg                text27       0037D6
__end_of_can_generate_timing_params      text39       00200A
__end_of_can_handle_interrupt            text44       001C36
__end_of_can_init                        text38       0024DA
__end_of_can_receive_callback            text46       002A16
__end_of_can_send                        text6        0021C2
__end_of_can_send_rdy                    text5        00380A
__end_of_can_setup                       text34       003250
__end_of_check_board_need_reset          text50       002FB2
__end_of_current_read                    text28       00342C
__end_of_current_sense_init              text25       0034DA
__end_of_filter_current                  text21       00270A
__end_of_filter_voltage                  text20       0025F2
__end_of_get_actuator_id                 text49       002F38
__end_of_get_board_type_unique_id        text48       0035B4
__end_of_get_cmd_actuator_state          text47       002E44
__end_of_get_message_type                text52       003318
__end_of_get_offset_bytes                text11       00317A
__end_of_get_reset_board_id              text51       0032BA
__end_of_i2c_init                        text19       003720
__end_of_i2c_read                        text31       002912
__end_of_i2c_read_reg16                  text29       002EBE
__end_of_i2c_write                       text30       00280E
__end_of_i2c_write_reg16                 text26       0036F6
__end_of_main                            text0        001E4C
__end_of_memcpy                          text10       0033D0
__end_of_millis                          text18       003794
__end_of_osc_init                        text17       003526
__end_of_pin_init                        text16       00381E
__end_of_pot_init                        text15       00376E
__end_of_pot_read                        text14       00382E
__end_of_pwm_init                        text13       0035F8
__end_of_srb_init                        text36       00309C
__end_of_srb_is_empty                    text4        003630
__end_of_srb_is_full                     text9        002DBA
__end_of_srb_pop                         text3        002AE0
__end_of_srb_push                        text8        002BAA
__end_of_timer0_handle_interrupt         text43       003748
__end_of_timer0_init                     text12       0037F4
__end_of_txb_enqueue                     text7        0036C8
__end_of_txb_heartbeat                   text2        00310E
__end_of_txb_init                        text35       00369A
__end_of_voltage_read                    text1        003374
__end_of_write_timestamp_2bytes          text41       0037B6
__end_ofi2_memcpy                        text45       003486
__initialization                         cinit        003630
__mediumconst                            smallconst   001000
__pbssBANK0                              bssBANK0     0000C2
__pbssBANK1                              bssBANK1     000100
__pbssCOMRAM                             bssCOMRAM    00003C
__pcinit                                 cinit        003630
__pcstackBANK0                           cstackBANK0  000060
__pcstackCOMRAM                          cstackCOMRAM 000001
__pivt0x8                                ivt0x8       000008
__psmallconst                            smallconst   001000
__ptext0                                 text0        001C36
__ptext1                                 text1        003318
__ptext10                                text10       003374
__ptext11                                text11       00310E
__ptext12                                text12       0037D6
__ptext13                                text13       0035B4
__ptext14                                text14       00381E
__ptext15                                text15       003748
__ptext16                                text16       00380A
__ptext17                                text17       0034DA
__ptext18                                text18       00376E
__ptext19                                text19       0036F6
__ptext2                                 text2        00309C
__ptext20                                text20       0024DA
__ptext21                                text21       0025F2
__ptext22                                text22       003526
__ptext23                                text23       001008
__ptext24                                text24       002C66
__ptext25                                text25       003486
__ptext26                                text26       0036C8
__ptext27                                text27       0037B6
__ptext28                                text28       0033D0
__ptext29                                text29       002E44
__ptext3                                 text3        002A16
__ptext30                                text30       00270A
__ptext31                                text31       00280E
__ptext32                                text32       0021C2
__ptext33                                text33       0014C0
__ptext34                                text34       0031E6
__ptext35                                text35       003666
__ptext36                                text36       003028
__ptext37                                text37       002FB2
__ptext38                                text38       00237A
__ptext39                                text39       001E4C
__ptext4                                 text4        0035F8
__ptext40                                text40       002BAA
__ptext41                                text41       003794
__ptext42                                text42       00317A
__ptext43                                text43       003720
__ptext44                                text44       00190C
__ptext45                                text45       00342C
__ptext46                                text46       002912
__ptext47                                text47       002DBA
__ptext48                                text48       00356E
__ptext49                                text49       002EBE
__ptext5                                 text5        0037F4
__ptext50                                text50       002F38
__ptext51                                text51       003250
__ptext52                                text52       0032BA
__ptext6                                 text6        00200A
__ptext7                                 text7        00369A
__ptext8                                 text8        002AE0
__ptext9                                 text9        002D12
__ramtop                                 ramtop       001000
__smallconst                             smallconst   001000
_adc_value                               bssBANK0     0000DD
_buf                                     bssBANK0     0000EA
_buf@can_tx_buffer$F1749                 bssBANK0     0000E0
_build_analog_data_msg                   text40       002BAA
_build_config_reg                        text27       0037B6
_can_generate_timing_params              text39       001E4C
_can_handle_interrupt                    text44       00190C
_can_init                                text38       00237A
_can_rcv_cb                              bssCOMRAM    00003E
_can_receive_callback                    text46       002912
_can_send                                text6        00200A
_can_send_rdy                            text5        0037F4
_can_setup                               text34       0031E6
_check_board_need_reset                  text50       002F38
_ctx                                     bssBANK0     0000D6
_current                                 bssBANK0     0000CE
_current_read                            text28       0033D0
_current_sense_init                      text25       003486
_filter_current                          text21       0025F2
_filter_current$3909                     cstackBANK0  00009B
_filter_voltage                          text20       0024DA
_filter_voltage$3910                     cstackBANK0  00009B
_get_actuator_id                         text49       002EBE
_get_board_type_unique_id                text48       00356E
_get_cmd_actuator_state                  text47       002DBA
_get_message_type                        text52       0032BA
_get_offset_bytes                        text11       00310E
_get_reset_board_id                      text51       003250
_i2c_init                                text19       0036F6
_i2c_read                                text31       00280E
_i2c_read_reg16                          text29       002E44
_i2c_write                               text30       00270A
_i2c_write_reg16                         text26       0036C8
_main                                    text0        001C36
_memcpy                                  text10       003374
_millis                                  text18       00376E
_millis_counter                          bssBANK0     0000D2
_new_adc                                 bssBANK0     0000DF
_osc_init                                text17       0034DA
_overflow_flag                           bssCOMRAM    000041
_pin_init                                text16       00380A
_pot_init                                text15       003748
_pot_read                                text14       00381E
_pwm_init                                text13       0035B4
_srb_init                                text36       003028
_srb_is_empty                            text4        0035F8
_srb_is_full                             text9        002D12
_srb_pop                                 text3        002A16
_srb_push                                text8        002AE0
_timer0_handle_interrupt                 text43       003720
_timer0_init                             text12       0037D6
_tx_pool                                 bssBANK1     000100
_txb_enqueue                             text7        00369A
_txb_heartbeat                           text2        00309C
_txb_init                                text35       003666
_voltage                                 bssBANK0     0000CA
_voltage_read                            text1        003318
_write_timestamp_2bytes                  text41       003794
build_analog_data_msg@output             cstackBANK0  00006D
build_analog_data_msg@prio               cstackBANK0  000076
build_analog_data_msg@sensor_data        cstackBANK0  00006B
build_analog_data_msg@sensor_id          cstackBANK0  00006A
build_analog_data_msg@timestamp          cstackBANK0  000068
build_config_reg@config                  cstackBANK0  000062
can_generate_timing_params@can_frequency cstackBANK0  000060
can_generate_timing_params@timing        cstackBANK0  000064
can_handle_interrupt@rcvd_msg            cstackCOMRAM 00001E
can_handle_interrupt@rcvd_msg_1640       cstackCOMRAM 00002B
can_init@receive_callback                cstackBANK0  000061
can_init@timing                          cstackBANK0  000060
can_receive_callback@actuator_id         cstackCOMRAM 000014
can_receive_callback@actuator_state      cstackCOMRAM 000016
can_receive_callback@msg                 cstackCOMRAM 00000F
can_receive_callback@msg_type            cstackCOMRAM 000012
can_send@message                         cstackBANK0  00006B
can_setup@timing                         cstackBANK0  000076
check_board_need_reset@board_inst_id     cstackCOMRAM 00000E
check_board_need_reset@board_type_id     cstackCOMRAM 00000D
check_board_need_reset@msg               cstackCOMRAM 00000C
current_read@value                       cstackBANK0  000095
current_sense_init@cal_success           cstackBANK0  00006E
current_sense_init@config_success        cstackBANK0  00006D
end_of_initialization                    cinit        003660
filter_current@alpha                     cstackBANK0  00009F
filter_current@filtered_value            bssBANK0     0000C6
filter_current@new_reading               cstackBANK0  000097
filter_voltage@alpha                     cstackBANK0  00009F
filter_voltage@filtered_value            bssBANK0     0000C2
filter_voltage@new_reading               cstackBANK0  000097
get_actuator_id@msg                      cstackCOMRAM 000007
get_actuator_id@msg_type                 cstackCOMRAM 00000B
get_board_type_unique_id@msg             cstackCOMRAM 000001
get_cmd_actuator_state@msg               cstackCOMRAM 000007
get_cmd_actuator_state@msg_type          cstackCOMRAM 00000B
get_message_type@msg                     cstackCOMRAM 000001
get_offset_bytes@ctx                     cstackBANK0  000060
get_offset_bytes@index                   cstackBANK0  000061
get_reset_board_id@board_inst_id         cstackCOMRAM 000009
get_reset_board_id@board_type_id         cstackCOMRAM 000008
get_reset_board_id@msg                   cstackCOMRAM 000007
get_reset_board_id@msg_type              cstackCOMRAM 00000A
i2_memcpy                                text45       00342C
i2c_init@clkdiv                          cstackBANK0  000060
i2c_read@address                         cstackBANK0  000063
i2c_read@data                            cstackBANK0  000060
i2c_read@len                             cstackBANK0  000061
i2c_read@timeout                         cstackBANK0  000064
i2c_read_reg16@address                   cstackBANK0  00006C
i2c_read_reg16@data                      cstackBANK0  00006A
i2c_read_reg16@reg                       cstackBANK0  000066
i2c_read_reg16@success                   cstackBANK0  00006D
i2c_read_reg16@value                     cstackBANK0  000067
i2c_write@address                        cstackBANK0  000063
i2c_write@data                           cstackBANK0  000060
i2c_write@len                            cstackBANK0  000061
i2c_write@timeout                        cstackBANK0  000064
i2c_write_reg16@address                  cstackBANK0  000069
i2c_write_reg16@data                     cstackBANK0  00006A
i2c_write_reg16@reg                      cstackBANK0  000066
i2c_write_reg16@val                      cstackBANK0  000067
i2memcpy@d                               cstackCOMRAM 000007
i2memcpy@d1                              cstackCOMRAM 000001
i2memcpy@n                               cstackCOMRAM 000005
i2memcpy@s                               cstackCOMRAM 000009
i2memcpy@s1                              cstackCOMRAM 000003
i2memcpy@tmp                             cstackCOMRAM 00000B
intlevel0                                text         000000
intlevel1                                text         000000
intlevel2                                text         000000
intlevel3                                text         000000
isa$std                                  (abs)        000001
isa$xinst                                (abs)        000000
ivt0x8_base                              ivt0x8       000008
main@angle_msg                           cstackBANK0  0000B5
main@current_angle                       cstackBANK0  0000A7
main@last_millis                         cstackBANK0  0000B1
main@last_pot_send_millis                cstackBANK0  0000AD
main@last_sensor_measure_millis          cstackBANK0  0000A9
memcpy@d                                 cstackBANK0  000066
memcpy@d1                                cstackBANK0  000060
memcpy@n                                 cstackBANK0  000064
memcpy@s                                 cstackBANK0  000068
memcpy@s1                                cstackBANK0  000062
memcpy@tmp                               cstackBANK0  00006A
millis@res                               cstackBANK0  000064
osc_init@i                               cstackBANK0  000060
pot_read@channel                         cstackBANK0  000060
srb_init@ctx                             cstackBANK0  000067
srb_init@element_size                    cstackBANK0  00006C
srb_init@pool                            cstackBANK0  000068
srb_init@pool_size                       cstackBANK0  00006A
srb_is_empty@ctx                         cstackBANK0  000060
srb_is_full@ctx                          cstackBANK0  000060
srb_pop@ctx                              cstackBANK0  00006B
srb_pop@element                          cstackBANK0  00006C
srb_pop@offset                           cstackBANK0  000071
srb_push@ctx                             cstackBANK0  00006B
srb_push@element                         cstackBANK0  00006C
srb_push@offset                          cstackBANK0  000071
stackhi                                  (abs)        000000
stacklo                                  (abs)        000000
start                                    init         00001A
start_initialization                     cinit        003630
timer0_handle_interrupt@internal_count   bssCOMRAM    000040
txb_enqueue@msg                          cstackBANK0  000073
txb_heartbeat@msg_sent                   cstackBANK0  000075
txb_init@can_send_fp                     cstackBANK0  000072
txb_init@can_tx_ready                    cstackBANK0  000074
txb_init@pool                            cstackBANK0  00006E
txb_init@pool_size                       cstackBANK0  000070
voltage_read@value                       cstackBANK0  000095
write_timestamp_2bytes@output            cstackBANK0  000062
write_timestamp_2bytes@timestamp         cstackBANK0  000060


MODULE INFORMATION

Module		Function		Class		Link	Load	Size
current_sensor.c
		_voltage_read  		CODE           	3318	0000	92
		_current_sense_init		CODE           	3486	0000	84
		_filter_voltage		CODE           	24DA	0000	280
		_filter_current		CODE           	25F2	0000	280
		_current_read  		CODE           	33D0	0000	92
		_build_config_reg		CODE           	37B6	0000	32

current_sensor.c estimated size: 860

canlib/pic18f26k83/pic18f26k83_can.c
		_can_init      		CODE           	237A	0000	352
		_can_send      		CODE           	200A	0000	440
		_can_send_rdy  		CODE           	37F4	0000	22
		_can_handle_interrupt		CODE           	190C	0000	810

canlib/pic18f26k83/pic18f26k83_can.c estimated size: 1624

canlib/util/can_tx_buffer.c
		_txb_enqueue   		CODE           	369A	0000	46
		_txb_init      		CODE           	3666	0000	52
		_txb_heartbeat 		CODE           	309C	0000	114

canlib/util/can_tx_buffer.c estimated size: 212

canlib/message/msg_actuator.c
		_get_cmd_actuator_state		CODE           	2DBA	0000	138
		_get_actuator_id		CODE           	2EBE	0000	122

canlib/message/msg_actuator.c estimated size: 260

C:\Program Files\Microchip\xc8\v3.00\pic\sources\c99\common\memcpy.c
		_memcpy        		CODE           	3374	0000	92

C:\Program Files\Microchip\xc8\v3.00\pic\sources\c99\common\memcpy.c estimated size: 92

can_handler.c
		_can_receive_callback		CODE           	2912	0000	260
		_can_setup     		CODE           	31E6	0000	106

can_handler.c estimated size: 366

canlib/util/timing_util.c
		_can_generate_timing_params		CODE           	1E4C	0000	446

canlib/util/timing_util.c estimated size: 446

potentiometer.c
		_pot_read      		CODE           	381E	0000	16
		_pot_init      		CODE           	3748	0000	38

potentiometer.c estimated size: 54

canlib/message/msg_common.c
		_get_board_type_unique_id		CODE           	356E	0000	70
		_get_message_type		CODE           	32BA	0000	94
		_write_timestamp_2bytes		CODE           	3794	0000	34

canlib/message/msg_common.c estimated size: 198

rocketlib/pic18f26k83/i2c.c
		_i2c_write     		CODE           	270A	0000	260
		_i2c_read      		CODE           	280E	0000	260
		_i2c_init      		CODE           	36F6	0000	42
		_i2c_read_reg16		CODE           	2E44	0000	122
		_i2c_write_reg16		CODE           	36C8	0000	46

rocketlib/pic18f26k83/i2c.c estimated size: 730

pwm.c
		_pwm_init      		CODE           	35B4	0000	68

pwm.c estimated size: 68

canlib/util/safe_ring_buffer.c
		_get_offset_bytes		CODE           	310E	0000	108
		_srb_is_full   		CODE           	2D12	0000	168
		_srb_is_empty  		CODE           	35F8	0000	56
		_srb_init      		CODE           	3028	0000	116
		_srb_pop       		CODE           	2A16	0000	202
		_srb_push      		CODE           	2AE0	0000	202

canlib/util/safe_ring_buffer.c estimated size: 852

C:\Program Files\Microchip\xc8\v3.00\pic\sources\c99\common\fleq.c
		___fleq        		CODE           	2C66	0000	172

C:\Program Files\Microchip\xc8\v3.00\pic\sources\c99\common\fleq.c estimated size: 172

rocketlib/pic18f26k83/timer.c
		_millis        		CODE           	376E	0000	38
		_timer0_handle_interrupt		CODE           	3720	0000	40
		_timer0_init   		CODE           	37D6	0000	30

rocketlib/pic18f26k83/timer.c estimated size: 108

C:\Program Files\Microchip\xc8\v3.00\pic\sources\c99\common\sprcmul.c
		___flmul       		CODE           	14C0	0000	1100

C:\Program Files\Microchip\xc8\v3.00\pic\sources\c99\common\sprcmul.c estimated size: 1100

canlib/message/msg_general.c
		_get_reset_board_id		CODE           	3250	0000	106
		_check_board_need_reset		CODE           	2F38	0000	122

canlib/message/msg_general.c estimated size: 228

shared
		_MOTOR_CENTER_PULSE_WIDTH_US		SMALLCONST     	1001	0000	2
		__initialization		CODE           	3630	0000	48
		_MOTOR_MIN_PULSE_WIDTH_US		SMALLCONST     	0000	0000	0
		_MOTOR_MAX_PULSE_WIDTH_US		SMALLCONST     	0000	0000	0
		i2_memcpy      		CODE           	342C	0000	90

shared estimated size: 140

C:\Program Files\Microchip\xc8\v3.00\pic\sources\c99\common\xxtofl.c
		___xxtofl      		CODE           	21C2	0000	440

C:\Program Files\Microchip\xc8\v3.00\pic\sources\c99\common\xxtofl.c estimated size: 440

setup.c
		_osc_init      		CODE           	34DA	0000	76
		_pin_init      		CODE           	380A	0000	20

setup.c estimated size: 96

canlib/message/msg_sensor.c
		_build_analog_data_msg		CODE           	2BAA	0000	188

canlib/message/msg_sensor.c estimated size: 188

C:\Program Files\Microchip\xc8\v3.00\pic\sources\c99\common\lwdiv.c
		___lwdiv       		CODE           	2FB2	0000	118

C:\Program Files\Microchip\xc8\v3.00\pic\sources\c99\common\lwdiv.c estimated size: 118

main.c
		_ISR           		CODE           	317A	0000	108
		_main          		CODE           	1C36	0000	534

main.c estimated size: 642

C:\Program Files\Microchip\xc8\v3.00\pic\sources\c99\common\sprcadd.c
		___flsub       		CODE           	3526	0000	72
		___fladd       		CODE           	1008	0000	1208

C:\Program Files\Microchip\xc8\v3.00\pic\sources\c99\common\sprcadd.c estimated size: 1280

