Microchip MPLAB XC8 Compiler V3.00

Linker command line:

-W-3 \
  --edf=C:\Program Files\Microchip\xc8\v3.00\pic\dat\20241204225717_en.msgs \
  -pivt0x8=08h -cn -h+dist/default/debug\cansw_mcb.debug.sym \
  --cmf=dist/default/debug\cansw_mcb.debug.cmf -z -Q18F26K83 \
  -oC:\Users\zkhua\AppData\Local\Temp\xcAs3ck.\driver_tmp_3.o \
  --defsym=__MPLAB_BUILD=1 --fixupoverflow=error \
  -Mdist/default/debug/cansw_mcb.debug.map \
  --md=C:\Users\zkhua\AppData\Local\Temp\xcAs3ck.\driver_tmp_0.dat -E1 \
  -ver=XC8 Compiler -ACODE=00h-0FFFFh -ACONST=00h-0FFFFh \
  -ASMALLCONST=01000h-010FFhx240 -AMEDIUMCONST=01000h-0FFFFh \
  -ACOMRAM=01h-05Fh -AABS1=00h-0FFFh -ABIGRAM=01h-0FFFh \
  -ARAM=060h-0FFh,0100h-01FFhx15 -ABANK0=060h-0FFh -ABANK1=0100h-01FFh \
  -ABANK2=0200h-02FFh -ABANK3=0300h-03FFh -ABANK4=0400h-04FFh \
  -ABANK5=0500h-05FFh -ABANK6=0600h-06FFh -ABANK7=0700h-07FFh \
  -ABANK8=0800h-08FFh -ABANK9=0900h-09FFh -ABANK10=0A00h-0AFFh \
  -ABANK11=0B00h-0BFFh -ABANK12=0C00h-0CFFh -ABANK13=0D00h-0DFFh \
  -ABANK14=0E00h-0EFFh -ABANK15=0F00h-0FFFh \
  -ASFR=03700h-037FFhx8,03F00h-03F5Fh,03F60h-03FFFh -ABIGSFR=03700h-03FFFh \
  -ACONFIG=0300000h-0300009h -AIDLOC=0200000h-020000Fh \
  -AEEDATA=0310000h-03103FFh -peeprom_data=EEDATA -preset_vec=00h \
  -ppowerup=CODE,init -pramtop=01000h -psmallconst=SMALLCONST \
  -pmediumconst=MEDIUMCONST -pconst=CONST -AFARRAM=00h-00h \
  -prdata=COMRAM,nvrram=COMRAM,nvbit=COMRAM,rbss=COMRAM,rbit=COMRAM \
  -pfarbss=FARRAM,fardata=FARRAM,nvFARRAM=FARRAM \
  -pintsave_regs=BIGRAM,bigbss=BIGRAM,bigdata=BIGRAM -pbss=RAM \
  -pidata=CODE,irdata=CODE,ibigdata=CODE,ifardata=CODE -prparam=COMRAM \
  C:\Users\zkhua\AppData\Local\Temp\xcAs3ck.\driver_tmp_9.o \
  dist/default/debug\cansw_mcb.debug.o 

Object code version is 3.11

Machine type is 18F26K83



                Name                               Link     Load   Length Selector   Space Scale
C:\Users\zkhua\AppData\Local\Temp\xcAs3ck.\driver_tmp_9.o
                config                           300000   300000        A        0       4
                init                                 1A       1A        4        4       0
                reset_vec                             0        0        6        0       0
dist/default/debug\cansw_mcb.debug.o
                config                           300000   300000        A        0       4
                smallconst                         1000     1000        A      800       0
                ivt0x8                                8        8       12        4       0
                text45                             30C0     30C0       5E      805       0
                text44                             3056     3056       6A      805       0
                text43                             2D34     2D34       7A      805       0
                text42                             2CBA     2CBA       7A      805       0
                text41                             3268     3268       46      805       0
                text40                             2C30     2C30       8A      805       0
                text39                             26BC     26BC      104      805       0
                text38                             317A     317A       5A      805       0
                text37                             190E     190E      32A      805       0
                text36                             3438     3438       28      805       0
                text35                             2E24     2E24       76      805       0
                text34                             3486     3486       22      805       0
                text33                             2A40     2A40       BC      805       0
                text32                             1E0C     1E0C      1BE      805       0
                text31                             233A     233A      160      805       0
                text30                             2DAE     2DAE       76      805       0
                text29                             2E9A     2E9A       74      805       0
                text28                             33D6     33D6       34      805       0
                text27                             2FEC     2FEC       6A      805       0
                text26                             14C2     14C2      44C      805       0
                text25                             100A     100A      4B8      805       0
                text24                             3220     3220       48      805       0
                text23                             25B4     25B4      108      805       0
                text22                             2182     2182      1B8      805       0
                text21                             249A     249A      11A      805       0
                text20                             2BA4     2BA4       8C      805       0
                text19                             31D4     31D4       4C      805       0
                text18                             34DC     34DC       14      805       0
                text17                             32AE     32AE       40      805       0
                text16                             34F0     34F0       10      805       0
                text15                             3364     3364       3A      805       0
                text14                             27C0     27C0       EC      805       0
                text13                             3460     3460       26      805       0
                text12                             2F80     2F80       6C      805       0
                text11                             311E     311E       5C      805       0
                text10                             2AFC     2AFC       A8      805       0
                text9                              2976     2976       CA      805       0
                text8                              340A     340A       2E      805       0
                text7                              32EE     32EE       3C      805       0
                text6                              34A8     34A8       1E      805       0
                text5                              1FCA     1FCA      1B8      805       0
                text4                              34C6     34C6       16      805       0
                text3                              339E     339E       38      805       0
                text2                              28AC     28AC       CA      805       0
                text1                              2F0E     2F0E       72      805       0
                text0                              1C38     1C38      1D4      805       0
                cstackCOMRAM                          1        1       3B        1       1
                cstackBANK0                          60       60       74       60       1
                bssBIGRAM                            F7       F7      1F4       F7       1
                bssBANK0                             D4       D4       23       60       1
                bssCOMRAM                            3C       3C        4        1       1
                cinit                              332A     332A       3A      805       0

TOTAL           Name                               Link     Load   Length     Space
        CLASS   CODE           
                init                                 1A       1A        4         0
                reset_vec                             0        0        6         0
                ivt0x8                                8        8       12         0
                text45                             30C0     30C0       5E         0
                text44                             3056     3056       6A         0
                text43                             2D34     2D34       7A         0
                text42                             2CBA     2CBA       7A         0
                text41                             3268     3268       46         0
                text40                             2C30     2C30       8A         0
                text39                             26BC     26BC      104         0
                text38                             317A     317A       5A         0
                text37                             190E     190E      32A         0
                text36                             3438     3438       28         0
                text35                             2E24     2E24       76         0
                text34                             3486     3486       22         0
                text33                             2A40     2A40       BC         0
                text32                             1E0C     1E0C      1BE         0
                text31                             233A     233A      160         0
                text30                             2DAE     2DAE       76         0
                text29                             2E9A     2E9A       74         0
                text28                             33D6     33D6       34         0
                text27                             2FEC     2FEC       6A         0
                text26                             14C2     14C2      44C         0
                text25                             100A     100A      4B8         0
                text24                             3220     3220       48         0
                text23                             25B4     25B4      108         0
                text22                             2182     2182      1B8         0
                text21                             249A     249A      11A         0
                text20                             2BA4     2BA4       8C         0
                text19                             31D4     31D4       4C         0
                text18                             34DC     34DC       14         0
                text17                             32AE     32AE       40         0
                text16                             34F0     34F0       10         0
                text15                             3364     3364       3A         0
                text14                             27C0     27C0       EC         0
                text13                             3460     3460       26         0
                text12                             2F80     2F80       6C         0
                text11                             311E     311E       5C         0
                text10                             2AFC     2AFC       A8         0
                text9                              2976     2976       CA         0
                text8                              340A     340A       2E         0
                text7                              32EE     32EE       3C         0
                text6                              34A8     34A8       1E         0
                text5                              1FCA     1FCA      1B8         0
                text4                              34C6     34C6       16         0
                text3                              339E     339E       38         0
                text2                              28AC     28AC       CA         0
                text1                              2F0E     2F0E       72         0
                text0                              1C38     1C38      1D4         0
                cinit                              332A     332A       3A         0

        CLASS   CONST          

        CLASS   SMALLCONST     
                smallconst                         1000     1000        A         0

        CLASS   MEDIUMCONST    

        CLASS   COMRAM         
                cstackCOMRAM                          1        1       3B         1
                bssCOMRAM                            3C       3C        4         1

        CLASS   ABS1           

        CLASS   BIGRAM         
                bssBIGRAM                            F7       F7      1F4         1

        CLASS   RAM            

        CLASS   BANK0          
                cstackBANK0                          60       60       74         1
                bssBANK0                             D4       D4       23         1

        CLASS   BANK1          

        CLASS   BANK2          

        CLASS   BANK3          

        CLASS   BANK4          

        CLASS   BANK5          

        CLASS   BANK6          

        CLASS   BANK7          

        CLASS   BANK8          

        CLASS   BANK9          

        CLASS   BANK10         

        CLASS   BANK11         

        CLASS   BANK12         

        CLASS   BANK13         

        CLASS   BANK14         

        CLASS   BANK15         

        CLASS   SFR            

        CLASS   BIGSFR         

        CLASS   CONFIG         
                config                           300000   300000        A         4

        CLASS   IDLOC          

        CLASS   EEDATA         

        CLASS   FARRAM         

        CLASS   HEAP           

        CLASS   STACK          



SEGMENTS        Name                           Load    Length   Top    Selector   Space  Class

                reset_vec                      000000  000006  000006         0       0  CODE    
                cstackCOMRAM                   000001  00003F  000040         1       1  COMRAM  
                ivt0x8                         000008  000016  00001E         4       0  CODE    
                cstackBANK0                    000060  000097  0000F7        60       1  BANK0   
                bssBIGRAM                      0000F7  0001F4  0002EB        F7       1  BIGRAM  
                smallconst                     001000  00000A  00100A       800       0  SMALLCON
                text25                         00100A  0024F6  003500       805       0  CODE    


UNUSED ADDRESS RANGES

        Name                Unused          Largest block    Delta
        BANK10           000A00-000AFF              100
        BANK11           000B00-000BFF              100
        BANK12           000C00-000CFF              100
        BANK13           000D00-000DFF              100
        BANK14           000E00-000EFF              100
        BANK15           000F00-000FFF              100
        BANK2            0002EB-0002FF               15
        BANK3            000300-0003FF              100
        BANK4            000400-0004FF              100
        BANK5            000500-0005FF              100
        BANK6            000600-0006FF              100
        BANK7            000700-0007FF              100
        BANK8            000800-0008FF              100
        BANK9            000900-0009FF              100
        BIGRAM           000040-00005F               20
                         0002EB-000FFF              D15
        BIGSFR           003700-003FFF              900
        CODE             000006-000007                2
                         00001E-000FFF              FE2
                         003500-00FFFF             CB00
        COMRAM           000040-00005F               20
        CONST            000006-000007                2
                         00001E-000FFF              FE2
                         003500-00FFFF             CB00
        EEDATA           310000-3103FF              400
        IDLOC            200000-20000F               10
        MEDIUMCONST      003500-00FFFF             CB00
        RAM              0002EB-000FFF              100
        SFR              003700-003FFF              100
        SMALLCONST       003500-00FFFF              100

                                  Symbol Table

?___fladd                                                    cstackBANK0  000087
?___flmul                                                    cstackBANK0  00006E
?___flsub                                                    cstackBANK0  000097
?___fltol                                                    cstackBANK0  00009F
?___lwdiv                                                    cstackBANK0  000060
?___xxtofl                                                   cstackBANK0  000060
?_filter_potentiometer                                       cstackBANK0  0000A9
?_get_actuator_id                                            cstackCOMRAM 000007
?_get_angle                                                  cstackBANK0  0000B3
?_get_cmd_actuator_state                                     cstackCOMRAM 000007
?_get_message_type                                           cstackCOMRAM 000001
?_get_offset_bytes                                           cstackBANK0  000060
?_millis                                                     cstackBANK0  000060
IVTBASEH                                                     (abs)        003FD6
IVTBASEL                                                     (abs)        003FD5
IVTBASEU                                                     (abs)        003FD7
_ADCLK                                                       (abs)        003EFF
_ADCON0bits                                                  (abs)        003EF8
_ADPCH                                                       (abs)        003EF1
_ADREFbits                                                   (abs)        003EFD
_ADRESH                                                      (abs)        003EF0
_ADRESL                                                      (abs)        003EEF
_ANSELA0                                                     (abs)        01D200
_ANSELA1                                                     (abs)        01D201
_ANSELA2                                                     (abs)        01D202
_ANSELC0                                                     (abs)        01D300
_ANSELC1                                                     (abs)        01D301
_BRGCON1bits                                                 (abs)        003703
_BRGCON2bits                                                 (abs)        003704
_BRGCON3bits                                                 (abs)        003705
_CANCONbits                                                  (abs)        003F8F
_CANRXPPS                                                    (abs)        003AED
_CANSTATbits                                                 (abs)        003F8E
_CCP3CONbits                                                 (abs)        003F76
_CCPR3H                                                      (abs)        003F75
_CCPR3L                                                      (abs)        003F74
_CIOCONbits                                                  (abs)        003700
_COMSTATbits                                                 (abs)        003F90
_ECANCONbits                                                 (abs)        003F91
_FVRCONbits                                                  (abs)        003EC1
_INTCON0bits                                                 (abs)        003FD2
_ISR                                                         text35       002E24
_LATA0                                                       (abs)        01FDD0
_LATA1                                                       (abs)        01FDD1
_LATC0                                                       (abs)        01FDE0
_LATC5                                                       (abs)        01FDE5
_MOTOR_CENTER_PULSE_WIDTH_US                                 smallconst   001003
_ODCC0                                                       (abs)        01D310
_OSCCON1                                                     (abs)        0039D9
_OSCCON2                                                     (abs)        0039DA
_OSCCON3bits                                                 (abs)        0039DB
_PIE1bits                                                    (abs)        003991
_PIE3bits                                                    (abs)        003993
_PIE5bits                                                    (abs)        003995
_PIR1bits                                                    (abs)        0039A1
_PIR3bits                                                    (abs)        0039A3
_PIR4bits                                                    (abs)        0039A4
_PIR5                                                        (abs)        0039A5
_PIR5bits                                                    (abs)        0039A5
_RB4PPS                                                      (abs)        003A0C
_RC0PPS                                                      (abs)        003A10
_RXB0CONbits                                                 (abs)        003F80
_RXB0D0                                                      (abs)        003F86
_RXB0DLCbits                                                 (abs)        003F85
_RXB0EIDH                                                    (abs)        003F83
_RXB0EIDL                                                    (abs)        003F84
_RXB0SIDH                                                    (abs)        003F81
_RXB0SIDL                                                    (abs)        003F82
_RXB1CONbits                                                 (abs)        0037F0
_RXB1D0                                                      (abs)        0037F6
_RXB1DLCbits                                                 (abs)        0037F5
_RXB1EIDH                                                    (abs)        0037F3
_RXB1EIDL                                                    (abs)        0037F4
_RXB1SIDH                                                    (abs)        0037F1
_RXB1SIDL                                                    (abs)        0037F2
_RXM0SIDH                                                    (abs)        0037B8
_RXM0SIDL                                                    (abs)        0037B9
_RXM1SIDH                                                    (abs)        0037BC
_RXM1SIDL                                                    (abs)        0037BD
_T0CON0bits                                                  (abs)        003FB8
_T0CON1bits                                                  (abs)        003FB9
_T2CLK                                                       (abs)        003FAE
_T2CONbits                                                   (abs)        003FAC
_T2PR                                                        (abs)        003FAB
_TRISA0                                                      (abs)        01FE10
_TRISA1                                                      (abs)        01FE11
_TRISA2                                                      (abs)        01FE12
_TRISB4                                                      (abs)        01FE1C
_TRISC0                                                      (abs)        01FE20
_TRISC1                                                      (abs)        01FE21
_TRISC5                                                      (abs)        01FE25
_TXB0CONbits                                                 (abs)        0037E0
_TXB0D0                                                      (abs)        0037E6
_TXB0DLCbits                                                 (abs)        0037E5
_TXB0EIDH                                                    (abs)        0037E3
_TXB0EIDL                                                    (abs)        0037E4
_TXB0SIDH                                                    (abs)        0037E1
_TXB0SIDL                                                    (abs)        0037E2
__HRAM                                                       (abs)        000000
__H__absolute__                                              __absolute__ 000000
__Habs1                                                      abs1         000000
__Hbank0                                                     bank0        000000
__Hbank1                                                     bank1        000000
__Hbank10                                                    bank10       000000
__Hbank11                                                    bank11       000000
__Hbank12                                                    bank12       000000
__Hbank13                                                    bank13       000000
__Hbank14                                                    bank14       000000
__Hbank15                                                    bank15       000000
__Hbank2                                                     bank2        000000
__Hbank3                                                     bank3        000000
__Hbank4                                                     bank4        000000
__Hbank5                                                     bank5        000000
__Hbank6                                                     bank6        000000
__Hbank7                                                     bank7        000000
__Hbank8                                                     bank8        000000
__Hbank9                                                     bank9        000000
__Hbigbss                                                    bigbss       000000
__Hbigdata                                                   bigdata      000000
__Hbigram                                                    bigram       000000
__Hbigsfr                                                    bigsfr       000000
__Hbss                                                       bss          000000
__HbssBANK0                                                  bssBANK0     000000
__HbssBIGRAM                                                 bssBIGRAM    000000
__HbssCOMRAM                                                 bssCOMRAM    000000
__Hcinit                                                     cinit        000000
__Hclrtext                                                   clrtext      000000
__Hcomram                                                    comram       000000
__Hconfig                                                    config       30000A
__Hconst                                                     const        000000
__HcstackBANK0                                               cstackBANK0  000000
__HcstackCOMRAM                                              cstackCOMRAM 000000
__Hdata                                                      data         000000
__Heeprom_data                                               eeprom_data  000000
__Hfarbss                                                    farbss       000000
__Hfardata                                                   fardata      000000
__Hheap                                                      heap         000000
__Hibigdata                                                  ibigdata     000000
__Hidata                                                     idata        000000
__Hidloc                                                     idloc        000000
__Hifardata                                                  ifardata     000000
__Hinit                                                      init         00001E
__Hintsave_regs                                              intsave_regs 000000
__Hirdata                                                    irdata       000000
__Hivt0x8                                                    ivt0x8       00001A
__Hmediumconst                                               mediumconst  000000
__HnvFARRAM                                                  nvFARRAM     000000
__Hnvbit                                                     nvbit        000000
__Hnvrram                                                    nvrram       000000
__Hparam                                                     rparam       000000
__Hpowerup                                                   powerup      000000
__Hram                                                       ram          000000
__Hramtop                                                    ramtop       001000
__Hrbit                                                      rbit         000000
__Hrbss                                                      rbss         000000
__Hrdata                                                     rdata        000000
__Hreset_vec                                                 reset_vec    000006
__Hrparam                                                    rparam       000000
__Hsfr                                                       sfr          000000
__Hsmallconst                                                smallconst   00100A
__Hspace_0                                                   (abs)        003500
__Hspace_1                                                   (abs)        0002EB
__Hspace_2                                                   (abs)        000000
__Hspace_4                                                   (abs)        60000A
__Hstack                                                     stack        000000
__Hstruct                                                    struct       000000
__Htemp                                                      temp         000000
__Htext                                                      text         000000
__Htext0                                                     text0        000000
__Htext1                                                     text1        000000
__Htext10                                                    text10       000000
__Htext11                                                    text11       000000
__Htext12                                                    text12       000000
__Htext13                                                    text13       000000
__Htext14                                                    text14       000000
__Htext15                                                    text15       000000
__Htext16                                                    text16       000000
__Htext17                                                    text17       000000
__Htext18                                                    text18       000000
__Htext19                                                    text19       000000
__Htext2                                                     text2        000000
__Htext20                                                    text20       000000
__Htext21                                                    text21       000000
__Htext22                                                    text22       000000
__Htext23                                                    text23       000000
__Htext24                                                    text24       000000
__Htext25                                                    text25       000000
__Htext26                                                    text26       000000
__Htext27                                                    text27       000000
__Htext28                                                    text28       000000
__Htext29                                                    text29       000000
__Htext3                                                     text3        000000
__Htext30                                                    text30       000000
__Htext31                                                    text31       000000
__Htext32                                                    text32       000000
__Htext33                                                    text33       000000
__Htext34                                                    text34       000000
__Htext35                                                    text35       000000
__Htext36                                                    text36       000000
__Htext37                                                    text37       000000
__Htext38                                                    text38       000000
__Htext39                                                    text39       000000
__Htext4                                                     text4        000000
__Htext40                                                    text40       000000
__Htext41                                                    text41       000000
__Htext42                                                    text42       000000
__Htext43                                                    text43       000000
__Htext44                                                    text44       000000
__Htext45                                                    text45       000000
__Htext5                                                     text5        000000
__Htext6                                                     text6        000000
__Htext7                                                     text7        000000
__Htext8                                                     text8        000000
__Htext9                                                     text9        000000
__LRAM                                                       (abs)        000001
__L__absolute__                                              __absolute__ 000000
__Labs1                                                      abs1         000000
__Lbank0                                                     bank0        000000
__Lbank1                                                     bank1        000000
__Lbank10                                                    bank10       000000
__Lbank11                                                    bank11       000000
__Lbank12                                                    bank12       000000
__Lbank13                                                    bank13       000000
__Lbank14                                                    bank14       000000
__Lbank15                                                    bank15       000000
__Lbank2                                                     bank2        000000
__Lbank3                                                     bank3        000000
__Lbank4                                                     bank4        000000
__Lbank5                                                     bank5        000000
__Lbank6                                                     bank6        000000
__Lbank7                                                     bank7        000000
__Lbank8                                                     bank8        000000
__Lbank9                                                     bank9        000000
__Lbigbss                                                    bigbss       000000
__Lbigdata                                                   bigdata      000000
__Lbigram                                                    bigram       000000
__Lbigsfr                                                    bigsfr       000000
__Lbss                                                       bss          000000
__LbssBANK0                                                  bssBANK0     000000
__LbssBIGRAM                                                 bssBIGRAM    000000
__LbssCOMRAM                                                 bssCOMRAM    000000
__Lcinit                                                     cinit        000000
__Lclrtext                                                   clrtext      000000
__Lcomram                                                    comram       000000
__Lconfig                                                    config       000000
__Lconst                                                     const        000000
__LcstackBANK0                                               cstackBANK0  000000
__LcstackCOMRAM                                              cstackCOMRAM 000000
__Ldata                                                      data         000000
__Leeprom_data                                               eeprom_data  000000
__Lfarbss                                                    farbss       000000
__Lfardata                                                   fardata      000000
__Lheap                                                      heap         000000
__Libigdata                                                  ibigdata     000000
__Lidata                                                     idata        000000
__Lidloc                                                     idloc        000000
__Lifardata                                                  ifardata     000000
__Linit                                                      init         00001A
__Lintsave_regs                                              intsave_regs 000000
__Lirdata                                                    irdata       000000
__Livt0x8                                                    ivt0x8       000008
__Lmediumconst                                               mediumconst  000000
__LnvFARRAM                                                  nvFARRAM     000000
__Lnvbit                                                     nvbit        000000
__Lnvrram                                                    nvrram       000000
__Lparam                                                     rparam       000000
__Lpowerup                                                   powerup      000000
__Lram                                                       ram          000000
__Lramtop                                                    ramtop       001000
__Lrbit                                                      rbit         000000
__Lrbss                                                      rbss         000000
__Lrdata                                                     rdata        000000
__Lreset_vec                                                 reset_vec    000000
__Lrparam                                                    rparam       000000
__Lsfr                                                       sfr          000000
__Lsmallconst                                                smallconst   001000
__Lspace_0                                                   (abs)        000000
__Lspace_1                                                   (abs)        000000
__Lspace_2                                                   (abs)        000000
__Lspace_4                                                   (abs)        000000
__Lstack                                                     stack        000000
__Lstruct                                                    struct       000000
__Ltemp                                                      temp         000000
__Ltext                                                      text         000000
__Ltext0                                                     text0        000000
__Ltext1                                                     text1        000000
__Ltext10                                                    text10       000000
__Ltext11                                                    text11       000000
__Ltext12                                                    text12       000000
__Ltext13                                                    text13       000000
__Ltext14                                                    text14       000000
__Ltext15                                                    text15       000000
__Ltext16                                                    text16       000000
__Ltext17                                                    text17       000000
__Ltext18                                                    text18       000000
__Ltext19                                                    text19       000000
__Ltext2                                                     text2        000000
__Ltext20                                                    text20       000000
__Ltext21                                                    text21       000000
__Ltext22                                                    text22       000000
__Ltext23                                                    text23       000000
__Ltext24                                                    text24       000000
__Ltext25                                                    text25       000000
__Ltext26                                                    text26       000000
__Ltext27                                                    text27       000000
__Ltext28                                                    text28       000000
__Ltext29                                                    text29       000000
__Ltext3                                                     text3        000000
__Ltext30                                                    text30       000000
__Ltext31                                                    text31       000000
__Ltext32                                                    text32       000000
__Ltext33                                                    text33       000000
__Ltext34                                                    text34       000000
__Ltext35                                                    text35       000000
__Ltext36                                                    text36       000000
__Ltext37                                                    text37       000000
__Ltext38                                                    text38       000000
__Ltext39                                                    text39       000000
__Ltext4                                                     text4        000000
__Ltext40                                                    text40       000000
__Ltext41                                                    text41       000000
__Ltext42                                                    text42       000000
__Ltext43                                                    text43       000000
__Ltext44                                                    text44       000000
__Ltext45                                                    text45       000000
__Ltext5                                                     text5        000000
__Ltext6                                                     text6        000000
__Ltext7                                                     text7        000000
__Ltext8                                                     text8        000000
__Ltext9                                                     text9        000000
__S0                                                         (abs)        003500
__S1                                                         (abs)        0002EB
__S4                                                         (abs)        000000
__S5                                                         (abs)        000000
___fladd                                                     text25       00100A
___fladd@a                                                   cstackBANK0  00008B
___fladd@aexp                                                cstackBANK0  000094
___fladd@b                                                   cstackBANK0  000087
___fladd@bexp                                                cstackBANK0  000095
___fladd@grs                                                 cstackBANK0  000096
___fladd@signs                                               cstackBANK0  000093
___flmul                                                     text26       0014C2
___flmul@a                                                   cstackBANK0  000072
___flmul@aexp                                                cstackBANK0  00007F
___flmul@b                                                   cstackBANK0  00006E
___flmul@bexp                                                cstackBANK0  000080
___flmul@grs                                                 cstackBANK0  00007B
___flmul@prod                                                cstackBANK0  000081
___flmul@sign                                                cstackBANK0  00007A
___flmul@temp                                                cstackBANK0  000085
___flsub                                                     text24       003220
___flsub@a                                                   cstackBANK0  00009B
___flsub@b                                                   cstackBANK0  000097
___fltol                                                     text23       0025B4
___fltol@exp1                                                cstackBANK0  0000A8
___fltol@f1                                                  cstackBANK0  00009F
___fltol@sign1                                               cstackBANK0  0000A7
___heap_hi                                                   (abs)        000000
___heap_lo                                                   (abs)        000000
___inthi_sp                                                  stack        000000
___inthi_stack_hi                                            stack        000000
___inthi_stack_lo                                            stack        000000
___intlo_sp                                                  stack        000000
___intlo_stack_hi                                            stack        000000
___intlo_stack_lo                                            stack        000000
___lwdiv                                                     text30       002DAE
___lwdiv@counter                                             cstackBANK0  000066
___lwdiv@dividend                                            cstackBANK0  000060
___lwdiv@divisor                                             cstackBANK0  000062
___lwdiv@quotient                                            cstackBANK0  000064
___param_bank                                                (abs)        000000
___rparam_used                                               (abs)        000001
___sp                                                        stack        000000
___stack_hi                                                  stack        000000
___stack_lo                                                  stack        000000
___xxtofl                                                    text22       002182
___xxtofl@arg                                                cstackBANK0  00006A
___xxtofl@exp                                                cstackBANK0  000069
___xxtofl@sign                                               cstackBANK0  000068
___xxtofl@val                                                cstackBANK0  000060
__accesstop                                                  (abs)        000060
__activetblptr                                               (abs)        000003
__end_of_ISR                                                 text35       002E9A
__end_of_MOTOR_CENTER_PULSE_WIDTH_US                         smallconst   001005
__end_of_MOTOR_MAX_PULSE_WIDTH_US                            smallconst   001007
__end_of_MOTOR_MIN_PULSE_WIDTH_US                            smallconst   001009
__end_of___fladd                                             text25       0014C2
__end_of___flmul                                             text26       00190E
__end_of___flsub                                             text24       003268
__end_of___fltol                                             text23       0026BC
__end_of___lwdiv                                             text30       002E24
__end_of___xxtofl                                            text22       00233A
__end_of__initialization                                     cinit        00335E
__end_of_build_analog_data_msg                               text33       002AFC
__end_of_build_general_board_status_msg                      text14       0028AC
__end_of_can_generate_timing_params                          text32       001FCA
__end_of_can_handle_interrupt                                text37       001C38
__end_of_can_init                                            text31       00249A
__end_of_can_receive_callback                                text39       0027C0
__end_of_can_send                                            text5        002182
__end_of_can_send_rdy                                        text4        0034DC
__end_of_can_setup                                           text27       003056
__end_of_check_board_need_reset                              text43       002DAE
__end_of_filter_potentiometer                                text21       0025B4
__end_of_get_actuator_id                                     text42       002D34
__end_of_get_angle                                           text20       002C30
__end_of_get_board_type_unique_id                            text41       0032AE
__end_of_get_cmd_actuator_state                              text40       002CBA
__end_of_get_message_type                                    text45       00311E
__end_of_get_offset_bytes                                    text12       002FEC
__end_of_get_reset_board_id                                  text44       0030C0
__end_of_main                                                text0        001E0C
__end_of_memcpy                                              text11       00317A
__end_of_millis                                              text13       003486
__end_of_osc_init                                            text19       003220
__end_of_pin_init                                            text18       0034F0
__end_of_pot_init                                            text17       0032EE
__end_of_pot_read                                            text16       003500
__end_of_pwm_init                                            text15       00339E
__end_of_send_status_ok                                      text7        00332A
__end_of_srb_init                                            text29       002F0E
__end_of_srb_is_empty                                        text3        0033D6
__end_of_srb_is_full                                         text10       002BA4
__end_of_srb_pop                                             text2        002976
__end_of_srb_push                                            text9        002A40
__end_of_timer0_handle_interrupt                             text36       003460
__end_of_timer0_init                                         text6        0034C6
__end_of_txb_enqueue                                         text8        003438
__end_of_txb_heartbeat                                       text1        002F80
__end_of_txb_init                                            text28       00340A
__end_of_write_timestamp_2bytes                              text34       0034A8
__end_of_zero_reading                                        smallconst   001003
__end_ofi2_memcpy                                            text38       0031D4
__initialization                                             cinit        00332A
__mediumconst                                                smallconst   001000
__pbssBANK0                                                  bssBANK0     0000D4
__pbssBIGRAM                                                 bssBIGRAM    0000F7
__pbssCOMRAM                                                 bssCOMRAM    00003C
__pcinit                                                     cinit        00332A
__pcstackBANK0                                               cstackBANK0  000060
__pcstackCOMRAM                                              cstackCOMRAM 000001
__pivt0x8                                                    ivt0x8       000008
__psmallconst                                                smallconst   001000
__ptext0                                                     text0        001C38
__ptext1                                                     text1        002F0E
__ptext10                                                    text10       002AFC
__ptext11                                                    text11       00311E
__ptext12                                                    text12       002F80
__ptext13                                                    text13       003460
__ptext14                                                    text14       0027C0
__ptext15                                                    text15       003364
__ptext16                                                    text16       0034F0
__ptext17                                                    text17       0032AE
__ptext18                                                    text18       0034DC
__ptext19                                                    text19       0031D4
__ptext2                                                     text2        0028AC
__ptext20                                                    text20       002BA4
__ptext21                                                    text21       00249A
__ptext22                                                    text22       002182
__ptext23                                                    text23       0025B4
__ptext24                                                    text24       003220
__ptext25                                                    text25       00100A
__ptext26                                                    text26       0014C2
__ptext27                                                    text27       002FEC
__ptext28                                                    text28       0033D6
__ptext29                                                    text29       002E9A
__ptext3                                                     text3        00339E
__ptext30                                                    text30       002DAE
__ptext31                                                    text31       00233A
__ptext32                                                    text32       001E0C
__ptext33                                                    text33       002A40
__ptext34                                                    text34       003486
__ptext35                                                    text35       002E24
__ptext36                                                    text36       003438
__ptext37                                                    text37       00190E
__ptext38                                                    text38       00317A
__ptext39                                                    text39       0026BC
__ptext4                                                     text4        0034C6
__ptext40                                                    text40       002C30
__ptext41                                                    text41       003268
__ptext42                                                    text42       002CBA
__ptext43                                                    text43       002D34
__ptext44                                                    text44       003056
__ptext45                                                    text45       0030C0
__ptext5                                                     text5        001FCA
__ptext6                                                     text6        0034A8
__ptext7                                                     text7        0032EE
__ptext8                                                     text8        00340A
__ptext9                                                     text9        002976
__ramtop                                                     ramtop       001000
__smallconst                                                 smallconst   001000
_adc_value                                                   bssBANK0     0000E0
_angle                                                       bssBANK0     0000DE
_buf                                                         bssBANK0     0000ED
_buf@can_tx_buffer$F1773                                     bssBANK0     0000E3
_build_analog_data_msg                                       text33       002A40
_build_general_board_status_msg                              text14       0027C0
_can_generate_timing_params                                  text32       001E0C
_can_handle_interrupt                                        text37       00190E
_can_init                                                    text31       00233A
_can_rcv_cb                                                  bssCOMRAM    00003C
_can_receive_callback                                        text39       0026BC
_can_send                                                    text5        001FCA
_can_send_rdy                                                text4        0034C6
_can_setup                                                   text27       002FEC
_check_board_need_reset                                      text43       002D34
_ctx                                                         bssBANK0     0000D8
_filter_potentiometer                                        text21       00249A
_filter_potentiometer$3718                                   cstackBANK0  0000AB
_get_actuator_id                                             text42       002CBA
_get_angle                                                   text20       002BA4
_get_board_type_unique_id                                    text41       003268
_get_cmd_actuator_state                                      text40       002C30
_get_message_type                                            text45       0030C0
_get_offset_bytes                                            text12       002F80
_get_reset_board_id                                          text44       003056
_main                                                        text0        001C38
_memcpy                                                      text11       00311E
_millis                                                      text13       003460
_millis_counter                                              bssBANK0     0000D4
_new_adc                                                     bssBANK0     0000E2
_osc_init                                                    text19       0031D4
_overflow_flag                                               bssCOMRAM    00003F
_pin_init                                                    text18       0034DC
_pot_init                                                    text17       0032AE
_pot_read                                                    text16       0034F0
_pwm_init                                                    text15       003364
_send_status_ok                                              text7        0032EE
_srb_init                                                    text29       002E9A
_srb_is_empty                                                text3        00339E
_srb_is_full                                                 text10       002AFC
_srb_pop                                                     text2        0028AC
_srb_push                                                    text9        002976
_timer0_handle_interrupt                                     text36       003438
_timer0_init                                                 text6        0034A8
_tx_pool                                                     bssBIGRAM    0000F7
_txb_enqueue                                                 text8        00340A
_txb_heartbeat                                               text1        002F0E
_txb_init                                                    text28       0033D6
_write_timestamp_2bytes                                      text34       003486
build_analog_data_msg@output                                 cstackBANK0  00006D
build_analog_data_msg@prio                                   cstackBANK0  000076
build_analog_data_msg@sensor_data                            cstackBANK0  00006B
build_analog_data_msg@sensor_id                              cstackBANK0  00006A
build_analog_data_msg@timestamp                              cstackBANK0  000068
build_general_board_status_msg@board_specific_error_bitfield cstackBANK0  00006E
build_general_board_status_msg@general_error_bitfield        cstackBANK0  00006A
build_general_board_status_msg@output                        cstackBANK0  000070
build_general_board_status_msg@prio                          cstackBANK0  000079
build_general_board_status_msg@timestamp                     cstackBANK0  000068
can_generate_timing_params@can_frequency                     cstackBANK0  000060
can_generate_timing_params@timing                            cstackBANK0  000064
can_handle_interrupt@rcvd_msg                                cstackCOMRAM 00001E
can_handle_interrupt@rcvd_msg_1664                           cstackCOMRAM 00002B
can_init@receive_callback                                    cstackBANK0  000061
can_init@timing                                              cstackBANK0  000060
can_receive_callback@actuator_id                             cstackCOMRAM 000014
can_receive_callback@actuator_state                          cstackCOMRAM 000016
can_receive_callback@msg                                     cstackCOMRAM 00000F
can_receive_callback@msg_type                                cstackCOMRAM 000012
can_send@message                                             cstackBANK0  00006B
can_setup@timing                                             cstackBANK0  000076
check_board_need_reset@board_inst_id                         cstackCOMRAM 00000E
check_board_need_reset@board_type_id                         cstackCOMRAM 00000D
check_board_need_reset@msg                                   cstackCOMRAM 00000C
end_of_initialization                                        cinit        00335E
filter_potentiometer@alpha                                   cstackBANK0  0000AF
filter_potentiometer@filtered_value                          bssBANK0     0000DC
filter_potentiometer@new_reading                             cstackBANK0  0000A9
get_actuator_id@msg                                          cstackCOMRAM 000007
get_actuator_id@msg_type                                     cstackCOMRAM 00000B
get_angle@adc_value                                          cstackBANK0  0000B3
get_board_type_unique_id@msg                                 cstackCOMRAM 000001
get_cmd_actuator_state@msg                                   cstackCOMRAM 000007
get_cmd_actuator_state@msg_type                              cstackCOMRAM 00000B
get_message_type@msg                                         cstackCOMRAM 000001
get_offset_bytes@ctx                                         cstackBANK0  000060
get_offset_bytes@index                                       cstackBANK0  000061
get_reset_board_id@board_inst_id                             cstackCOMRAM 000009
get_reset_board_id@board_type_id                             cstackCOMRAM 000008
get_reset_board_id@msg                                       cstackCOMRAM 000007
get_reset_board_id@msg_type                                  cstackCOMRAM 00000A
i2_memcpy                                                    text38       00317A
i2memcpy@d                                                   cstackCOMRAM 000007
i2memcpy@d1                                                  cstackCOMRAM 000001
i2memcpy@n                                                   cstackCOMRAM 000005
i2memcpy@s                                                   cstackCOMRAM 000009
i2memcpy@s1                                                  cstackCOMRAM 000003
i2memcpy@tmp                                                 cstackCOMRAM 00000B
intlevel0                                                    text         000000
intlevel1                                                    text         000000
intlevel2                                                    text         000000
intlevel3                                                    text         000000
isa$std                                                      (abs)        000001
isa$xinst                                                    (abs)        000000
ivt0x8_base                                                  ivt0x8       000008
main@angle_msg                                               cstackBANK0  0000C7
main@last_millis                                             cstackBANK0  0000C3
main@last_pot_send_millis                                    cstackBANK0  0000BF
main@last_sensor_measure_millis                              cstackBANK0  0000BB
memcpy@d                                                     cstackBANK0  000066
memcpy@d1                                                    cstackBANK0  000060
memcpy@n                                                     cstackBANK0  000064
memcpy@s                                                     cstackBANK0  000068
memcpy@s1                                                    cstackBANK0  000062
memcpy@tmp                                                   cstackBANK0  00006A
millis@res                                                   cstackBANK0  000064
osc_init@i                                                   cstackBANK0  000060
pot_read@channel                                             cstackBANK0  000060
send_status_ok@board_stat_msg                                cstackBANK0  00007A
srb_init@ctx                                                 cstackBANK0  000067
srb_init@element_size                                        cstackBANK0  00006C
srb_init@pool                                                cstackBANK0  000068
srb_init@pool_size                                           cstackBANK0  00006A
srb_is_empty@ctx                                             cstackBANK0  000060
srb_is_full@ctx                                              cstackBANK0  000060
srb_pop@ctx                                                  cstackBANK0  00006B
srb_pop@element                                              cstackBANK0  00006C
srb_pop@offset                                               cstackBANK0  000071
srb_push@ctx                                                 cstackBANK0  00006B
srb_push@element                                             cstackBANK0  00006C
srb_push@offset                                              cstackBANK0  000071
stackhi                                                      (abs)        000000
stacklo                                                      (abs)        000000
start                                                        init         00001A
start_initialization                                         cinit        00332A
timer0_handle_interrupt@internal_count                       bssCOMRAM    00003E
txb_enqueue@msg                                              cstackBANK0  000073
txb_heartbeat@msg_sent                                       cstackBANK0  000075
txb_init@can_send_fp                                         cstackBANK0  000072
txb_init@can_tx_ready                                        cstackBANK0  000074
txb_init@pool                                                cstackBANK0  00006E
txb_init@pool_size                                           cstackBANK0  000070
write_timestamp_2bytes@output                                cstackBANK0  000062
write_timestamp_2bytes@timestamp                             cstackBANK0  000060


MODULE INFORMATION

Module		Function		Class		Link	Load	Size
canlib/pic18f26k83/pic18f26k83_can.c
		_can_init      		CODE           	233A	0000	352
		_can_send      		CODE           	1FCA	0000	440
		_can_send_rdy  		CODE           	34C6	0000	22
		_can_handle_interrupt		CODE           	190E	0000	810

canlib/pic18f26k83/pic18f26k83_can.c estimated size: 1624

canlib/util/can_tx_buffer.c
		_txb_enqueue   		CODE           	340A	0000	46
		_txb_init      		CODE           	33D6	0000	52
		_txb_heartbeat 		CODE           	2F0E	0000	114

canlib/util/can_tx_buffer.c estimated size: 212

canlib/message/msg_actuator.c
		_get_cmd_actuator_state		CODE           	2C30	0000	138
		_get_actuator_id		CODE           	2CBA	0000	122

canlib/message/msg_actuator.c estimated size: 260

C:\Program Files\Microchip\xc8\v3.00\pic\sources\c99\common\memcpy.c
		_memcpy        		CODE           	311E	0000	92

C:\Program Files\Microchip\xc8\v3.00\pic\sources\c99\common\memcpy.c estimated size: 92

can_handler.c
		_can_receive_callback		CODE           	26BC	0000	260
		_can_setup     		CODE           	2FEC	0000	106
		_send_status_ok		CODE           	32EE	0000	60

can_handler.c estimated size: 426

canlib/util/timing_util.c
		_can_generate_timing_params		CODE           	1E0C	0000	446

canlib/util/timing_util.c estimated size: 446

potentiometer.c
		_filter_potentiometer		CODE           	249A	0000	282
		_get_angle     		CODE           	2BA4	0000	140
		_pot_read      		CODE           	34F0	0000	16
		_pot_init      		CODE           	32AE	0000	64

potentiometer.c estimated size: 502

canlib/message/msg_common.c
		_get_board_type_unique_id		CODE           	3268	0000	70
		_get_message_type		CODE           	30C0	0000	94
		_write_timestamp_2bytes		CODE           	3486	0000	34

canlib/message/msg_common.c estimated size: 198

pwm.c
		_pwm_init      		CODE           	3364	0000	58

pwm.c estimated size: 58

canlib/util/safe_ring_buffer.c
		_get_offset_bytes		CODE           	2F80	0000	108
		_srb_is_full   		CODE           	2AFC	0000	168
		_srb_is_empty  		CODE           	339E	0000	56
		_srb_init      		CODE           	2E9A	0000	116
		_srb_pop       		CODE           	28AC	0000	202
		_srb_push      		CODE           	2976	0000	202

canlib/util/safe_ring_buffer.c estimated size: 852

rocketlib/pic18f26k83/timer.c
		_millis        		CODE           	3460	0000	38
		_timer0_handle_interrupt		CODE           	3438	0000	40
		_timer0_init   		CODE           	34A8	0000	30

rocketlib/pic18f26k83/timer.c estimated size: 108

C:\Program Files\Microchip\xc8\v3.00\pic\sources\c99\common\sprcmul.c
		___flmul       		CODE           	14C2	0000	1100

C:\Program Files\Microchip\xc8\v3.00\pic\sources\c99\common\sprcmul.c estimated size: 1100

canlib/message/msg_general.c
		_get_reset_board_id		CODE           	3056	0000	106
		_check_board_need_reset		CODE           	2D34	0000	122
		_build_general_board_status_msg		CODE           	27C0	0000	236

canlib/message/msg_general.c estimated size: 464

shared
		_zero_reading  		SMALLCONST     	0000	0000	0
		_MOTOR_CENTER_PULSE_WIDTH_US		SMALLCONST     	1003	0000	2
		__initialization		CODE           	332A	0000	52
		_MOTOR_MIN_PULSE_WIDTH_US		SMALLCONST     	0000	0000	0
		_MOTOR_MAX_PULSE_WIDTH_US		SMALLCONST     	0000	0000	0
		i2_memcpy      		CODE           	317A	0000	90

shared estimated size: 144

C:\Program Files\Microchip\xc8\v3.00\pic\sources\c99\common\xxtofl.c
		___xxtofl      		CODE           	2182	0000	440

C:\Program Files\Microchip\xc8\v3.00\pic\sources\c99\common\xxtofl.c estimated size: 440

setup.c
		_osc_init      		CODE           	31D4	0000	76
		_pin_init      		CODE           	34DC	0000	20

setup.c estimated size: 96

canlib/message/msg_sensor.c
		_build_analog_data_msg		CODE           	2A40	0000	188

canlib/message/msg_sensor.c estimated size: 188

C:\Program Files\Microchip\xc8\v3.00\pic\sources\c99\common\lwdiv.c
		___lwdiv       		CODE           	2DAE	0000	118

C:\Program Files\Microchip\xc8\v3.00\pic\sources\c99\common\lwdiv.c estimated size: 118

C:\Program Files\Microchip\xc8\v3.00\pic\sources\c99\common\fltol.c
		___fltol       		CODE           	25B4	0000	264

C:\Program Files\Microchip\xc8\v3.00\pic\sources\c99\common\fltol.c estimated size: 264

main.c
		_ISR           		CODE           	2E24	0000	118
		_main          		CODE           	1C38	0000	468

main.c estimated size: 586

C:\Program Files\Microchip\xc8\v3.00\pic\sources\c99\common\sprcadd.c
		___flsub       		CODE           	3220	0000	72
		___fladd       		CODE           	100A	0000	1208

C:\Program Files\Microchip\xc8\v3.00\pic\sources\c99\common\sprcadd.c estimated size: 1280

