Microchip MPLAB XC8 Compiler V3.00

Linker command line:

-W-3 \
  --edf=C:\Program Files\Microchip\xc8\v3.00\pic\dat\20241204225717_en.msgs \
  -pivt0x8=08h -cn -h+dist/default/production\cansw_mcb.production.sym \
  --cmf=dist/default/production\cansw_mcb.production.cmf -z -Q18F26K83 \
  -oC:\Users\zkhua\AppData\Local\Temp\xcAsjg0.\driver_tmp_3.o \
  --defsym=__MPLAB_BUILD=1 --fixupoverflow=error \
  -Mdist/default/production/cansw_mcb.production.map \
  --md=C:\Users\zkhua\AppData\Local\Temp\xcAsjg0.\driver_tmp_0.dat -E1 \
  -ver=XC8 Compiler -ACODE=00h-0FFFFh -ACONST=00h-0FFFFh \
  -ASMALLCONST=01000h-010FFhx240 -AMEDIUMCONST=01000h-0FFFFh \
  -ACOMRAM=01h-05Fh -AABS1=00h-0FFFh -ABIGRAM=01h-0FFFh \
  -ARAM=060h-0FFh,0100h-01FFhx15 -ABANK0=060h-0FFh -ABANK1=0100h-01FFh \
  -ABANK2=0200h-02FFh -ABANK3=0300h-03FFh -ABANK4=0400h-04FFh \
  -ABANK5=0500h-05FFh -ABANK6=0600h-06FFh -ABANK7=0700h-07FFh \
  -ABANK8=0800h-08FFh -ABANK9=0900h-09FFh -ABANK10=0A00h-0AFFh \
  -ABANK11=0B00h-0BFFh -ABANK12=0C00h-0CFFh -ABANK13=0D00h-0DFFh \
  -ABANK14=0E00h-0EFFh -ABANK15=0F00h-0FFFh \
  -ASFR=03700h-037FFhx8,03F00h-03F5Fh,03F60h-03FFFh -ABIGSFR=03700h-03FFFh \
  -ACONFIG=0300000h-0300009h -AIDLOC=0200000h-020000Fh \
  -AEEDATA=0310000h-03103FFh -peeprom_data=EEDATA -preset_vec=00h \
  -ppowerup=CODE,init -pramtop=01000h -psmallconst=SMALLCONST \
  -pmediumconst=MEDIUMCONST -pconst=CONST -AFARRAM=00h-00h \
  -prdata=COMRAM,nvrram=COMRAM,nvbit=COMRAM,rbss=COMRAM,rbit=COMRAM \
  -pfarbss=FARRAM,fardata=FARRAM,nvFARRAM=FARRAM \
  -pintsave_regs=BIGRAM,bigbss=BIGRAM,bigdata=BIGRAM -pbss=RAM \
  -pidata=CODE,irdata=CODE,ibigdata=CODE,ifardata=CODE -prparam=COMRAM \
  C:\Users\zkhua\AppData\Local\Temp\xcAsjg0.\driver_tmp_9.o \
  dist/default/production\cansw_mcb.production.o 

Object code version is 3.11

Machine type is 18F26K83



                Name                               Link     Load   Length Selector   Space Scale
C:\Users\zkhua\AppData\Local\Temp\xcAsjg0.\driver_tmp_9.o
                config                           300000   300000        2        0       4
                init                                 A8       A8        4        4       0
                reset_vec                             0        0        4        0       0
dist/default/production\cansw_mcb.production.o
                config                           300000   300000        2        0       4
                smallconst                         1000     1000        2      800       0
                ivt0x8                                8        8       A0        4       0
                text6                              10F8     10F8       26      801       0
                text5                              1160     1160       1A      458       0
                text4                              10D2     10D2       26      801       0
                text3                              1088     1088       4A      801       0
                text2                              117A     117A       14      458       0
                text1                              1140     1140       1E      801       0
                text0                              1002     1002       86      801       0
                cstackCOMRAM                         21       21       10        1       1
                bssCOMRAM                             1        1       20        1       1
                cinit                              111E     111E       22      801       0

TOTAL           Name                               Link     Load   Length     Space
        CLASS   CODE           
                init                                 A8       A8        4         0
                reset_vec                             0        0        4         0
                ivt0x8                                8        8       A0         0
                text6                              10F8     10F8       26         0
                text5                              1160     1160       1A         0
                text4                              10D2     10D2       26         0
                text3                              1088     1088       4A         0
                text2                              117A     117A       14         0
                text1                              1140     1140       1E         0
                text0                              1002     1002       86         0
                cinit                              111E     111E       22         0

        CLASS   CONST          

        CLASS   SMALLCONST     
                smallconst                         1000     1000        2         0

        CLASS   MEDIUMCONST    

        CLASS   COMRAM         
                cstackCOMRAM                         21       21       10         1
                bssCOMRAM                             1        1       20         1

        CLASS   ABS1           

        CLASS   BIGRAM         

        CLASS   RAM            

        CLASS   BANK0          

        CLASS   BANK1          

        CLASS   BANK2          

        CLASS   BANK3          

        CLASS   BANK4          

        CLASS   BANK5          

        CLASS   BANK6          

        CLASS   BANK7          

        CLASS   BANK8          

        CLASS   BANK9          

        CLASS   BANK10         

        CLASS   BANK11         

        CLASS   BANK12         

        CLASS   BANK13         

        CLASS   BANK14         

        CLASS   BANK15         

        CLASS   SFR            

        CLASS   BIGSFR         

        CLASS   CONFIG         
                config                           300000   300000        2         4

        CLASS   IDLOC          

        CLASS   EEDATA         

        CLASS   FARRAM         

        CLASS   HEAP           

        CLASS   STACK          



SEGMENTS        Name                           Load    Length   Top    Selector   Space  Class

                reset_vec                      000000  000004  000004         0       0  CODE    
                bssCOMRAM                      000001  000030  000031         1       1  COMRAM  
                ivt0x8                         000008  0000A4  0000AC         4       0  CODE    
                smallconst                     001000  000002  001002       800       0  SMALLCON
                text0                          001002  00015C  00115E       801       0  CODE    
                text5                          001160  00002E  00118E       458       0  CODE    


UNUSED ADDRESS RANGES

        Name                Unused          Largest block    Delta
        BANK0            000060-0000FF               A0
        BANK1            000100-0001FF              100
        BANK10           000A00-000AFF              100
        BANK11           000B00-000BFF              100
        BANK12           000C00-000CFF              100
        BANK13           000D00-000DFF              100
        BANK14           000E00-000EFF              100
        BANK15           000F00-000FFF              100
        BANK2            000200-0002FF              100
        BANK3            000300-0003FF              100
        BANK4            000400-0004FF              100
        BANK5            000500-0005FF              100
        BANK6            000600-0006FF              100
        BANK7            000700-0007FF              100
        BANK8            000800-0008FF              100
        BANK9            000900-0009FF              100
        BIGRAM           000031-000FFF              FCF
        BIGSFR           003700-003FFF              900
        CODE             000004-000007                4
                         0000AC-000FFF              F54
                         00115E-00115F                2
                         00118E-00FFFF             EE72
        COMRAM           000031-00005F               2F
        CONFIG           300002-300009                8
        CONST            000004-000007                4
                         0000AC-000FFF              F54
                         00115E-00115F                2
                         00118E-00FFFF             EE72
        EEDATA           310000-3103FF              400
        IDLOC            200000-20000F               10
        MEDIUMCONST      00115E-00115F                2
                         00118E-00FFFF             EE72
        RAM              000060-000FFF              100
        SFR              003700-003FFF              100
        SMALLCONST       00115E-00115F                2
                         00118E-00FFFF              100

                                  Symbol Table

?_millis                               cstackCOMRAM 000021
IVTBASEH                               (abs)        003FD6
IVTBASEL                               (abs)        003FD5
IVTBASEU                               (abs)        003FD7
_ANSELA0                               (abs)        01D200
_ANSELA1                               (abs)        01D201
_BRGCON1bits                           (abs)        003703
_BRGCON2bits                           (abs)        003704
_BRGCON3bits                           (abs)        003705
_CANCONbits                            (abs)        003F8F
_CANSTATbits                           (abs)        003F8E
_CIOCONbits                            (abs)        003700
_COMSTATbits                           (abs)        003F90
_ECANCONbits                           (abs)        003F91
_INTCON0bits                           (abs)        003FD2
_ISR                                   text5        001160
_LATA0                                 (abs)        01FDD0
_LATA1                                 (abs)        01FDD1
_OSCCON1                               (abs)        0039D9
_OSCCON2                               (abs)        0039DA
_OSCCON3bits                           (abs)        0039DB
_PIE3bits                              (abs)        003993
_PIE5bits                              (abs)        003995
_PIR3bits                              (abs)        0039A3
_PIR5bits                              (abs)        0039A5
_RXB0CONbits                           (abs)        003F80
_RXB0D0                                (abs)        003F86
_RXB0DLCbits                           (abs)        003F85
_RXB0EIDH                              (abs)        003F83
_RXB0EIDL                              (abs)        003F84
_RXB0SIDH                              (abs)        003F81
_RXB0SIDL                              (abs)        003F82
_RXB1CONbits                           (abs)        0037F0
_RXB1D0                                (abs)        0037F6
_RXB1DLCbits                           (abs)        0037F5
_RXB1EIDH                              (abs)        0037F3
_RXB1EIDL                              (abs)        0037F4
_RXB1SIDH                              (abs)        0037F1
_RXB1SIDL                              (abs)        0037F2
_RXM0SIDH                              (abs)        0037B8
_RXM0SIDL                              (abs)        0037B9
_RXM1SIDH                              (abs)        0037BC
_RXM1SIDL                              (abs)        0037BD
_T0CON0bits                            (abs)        003FB8
_T0CON1bits                            (abs)        003FB9
_TRISA0                                (abs)        01FE10
_TRISA1                                (abs)        01FE11
_TRISB4                                (abs)        01FE1C
_TRISB5                                (abs)        01FE1D
_TXB0CONbits                           (abs)        0037E0
_TXB0D0                                (abs)        0037E6
_TXB0DLCbits                           (abs)        0037E5
_TXB0EIDH                              (abs)        0037E3
_TXB0EIDL                              (abs)        0037E4
_TXB0SIDH                              (abs)        0037E1
_TXB0SIDL                              (abs)        0037E2
__HRAM                                 (abs)        000000
__H__absolute__                        __absolute__ 000000
__Habs1                                abs1         000000
__Hbank0                               bank0        000000
__Hbank1                               bank1        000000
__Hbank10                              bank10       000000
__Hbank11                              bank11       000000
__Hbank12                              bank12       000000
__Hbank13                              bank13       000000
__Hbank14                              bank14       000000
__Hbank15                              bank15       000000
__Hbank2                               bank2        000000
__Hbank3                               bank3        000000
__Hbank4                               bank4        000000
__Hbank5                               bank5        000000
__Hbank6                               bank6        000000
__Hbank7                               bank7        000000
__Hbank8                               bank8        000000
__Hbank9                               bank9        000000
__Hbigbss                              bigbss       000000
__Hbigdata                             bigdata      000000
__Hbigram                              bigram       000000
__Hbigsfr                              bigsfr       000000
__Hbss                                 bss          000000
__HbssCOMRAM                           bssCOMRAM    000000
__Hcinit                               cinit        000000
__Hclrtext                             clrtext      000000
__Hcomram                              comram       000000
__Hconfig                              config       300002
__Hconst                               const        000000
__HcstackCOMRAM                        cstackCOMRAM 000000
__Hdata                                data         000000
__Heeprom_data                         eeprom_data  000000
__Hfarbss                              farbss       000000
__Hfardata                             fardata      000000
__Hheap                                heap         000000
__Hibigdata                            ibigdata     000000
__Hidata                               idata        000000
__Hidloc                               idloc        000000
__Hifardata                            ifardata     000000
__Hinit                                init         0000AC
__Hintsave_regs                        intsave_regs 000000
__Hirdata                              irdata       000000
__Hivt0x8                              ivt0x8       0000A8
__Hmediumconst                         mediumconst  000000
__HnvFARRAM                            nvFARRAM     000000
__Hnvbit                               nvbit        000000
__Hnvrram                              nvrram       000000
__Hparam                               rparam       000000
__Hpowerup                             powerup      000000
__Hram                                 ram          000000
__Hramtop                              ramtop       001000
__Hrbit                                rbit         000000
__Hrbss                                rbss         000000
__Hrdata                               rdata        000000
__Hreset_vec                           reset_vec    000004
__Hrparam                              rparam       000000
__Hsfr                                 sfr          000000
__Hsmallconst                          smallconst   001002
__Hspace_0                             (abs)        00118E
__Hspace_1                             (abs)        000031
__Hspace_2                             (abs)        000000
__Hspace_4                             (abs)        600002
__Hstack                               stack        000000
__Hstruct                              struct       000000
__Htemp                                temp         000000
__Htext                                text         000000
__Htext0                               text0        000000
__Htext1                               text1        000000
__Htext2                               text2        000000
__Htext3                               text3        000000
__Htext4                               text4        000000
__Htext5                               text5        000000
__Htext6                               text6        000000
__LRAM                                 (abs)        000001
__L__absolute__                        __absolute__ 000000
__Labs1                                abs1         000000
__Lbank0                               bank0        000000
__Lbank1                               bank1        000000
__Lbank10                              bank10       000000
__Lbank11                              bank11       000000
__Lbank12                              bank12       000000
__Lbank13                              bank13       000000
__Lbank14                              bank14       000000
__Lbank15                              bank15       000000
__Lbank2                               bank2        000000
__Lbank3                               bank3        000000
__Lbank4                               bank4        000000
__Lbank5                               bank5        000000
__Lbank6                               bank6        000000
__Lbank7                               bank7        000000
__Lbank8                               bank8        000000
__Lbank9                               bank9        000000
__Lbigbss                              bigbss       000000
__Lbigdata                             bigdata      000000
__Lbigram                              bigram       000000
__Lbigsfr                              bigsfr       000000
__Lbss                                 bss          000000
__LbssCOMRAM                           bssCOMRAM    000000
__Lcinit                               cinit        000000
__Lclrtext                             clrtext      000000
__Lcomram                              comram       000000
__Lconfig                              config       000000
__Lconst                               const        000000
__LcstackCOMRAM                        cstackCOMRAM 000000
__Ldata                                data         000000
__Leeprom_data                         eeprom_data  000000
__Lfarbss                              farbss       000000
__Lfardata                             fardata      000000
__Lheap                                heap         000000
__Libigdata                            ibigdata     000000
__Lidata                               idata        000000
__Lidloc                               idloc        000000
__Lifardata                            ifardata     000000
__Linit                                init         0000A8
__Lintsave_regs                        intsave_regs 000000
__Lirdata                              irdata       000000
__Livt0x8                              ivt0x8       000008
__Lmediumconst                         mediumconst  000000
__LnvFARRAM                            nvFARRAM     000000
__Lnvbit                               nvbit        000000
__Lnvrram                              nvrram       000000
__Lparam                               rparam       000000
__Lpowerup                             powerup      000000
__Lram                                 ram          000000
__Lramtop                              ramtop       001000
__Lrbit                                rbit         000000
__Lrbss                                rbss         000000
__Lrdata                               rdata        000000
__Lreset_vec                           reset_vec    000000
__Lrparam                              rparam       000000
__Lsfr                                 sfr          000000
__Lsmallconst                          smallconst   001000
__Lspace_0                             (abs)        000000
__Lspace_1                             (abs)        000000
__Lspace_2                             (abs)        000000
__Lspace_4                             (abs)        000000
__Lstack                               stack        000000
__Lstruct                              struct       000000
__Ltemp                                temp         000000
__Ltext                                text         000000
__Ltext0                               text0        000000
__Ltext1                               text1        000000
__Ltext2                               text2        000000
__Ltext3                               text3        000000
__Ltext4                               text4        000000
__Ltext5                               text5        000000
__Ltext6                               text6        000000
__S0                                   (abs)        00118E
__S1                                   (abs)        000031
__S4                                   (abs)        000000
__S5                                   (abs)        000000
___heap_hi                             (abs)        000000
___heap_lo                             (abs)        000000
___inthi_sp                            stack        000000
___inthi_stack_hi                      stack        000000
___inthi_stack_lo                      stack        000000
___intlo_sp                            stack        000000
___intlo_stack_hi                      stack        000000
___intlo_stack_lo                      stack        000000
___param_bank                          (abs)        000000
___rparam_used                         (abs)        000001
___sp                                  stack        000000
___stack_hi                            stack        000000
___stack_lo                            stack        000000
__accesstop                            (abs)        000060
__activetblptr                         (abs)        000002
__end_of_ISR                           text5        00117A
__end_of__initialization               cinit        001136
__end_of_main                          text0        001088
__end_of_millis                        text4        0010F8
__end_of_osc_init                      text3        0010D2
__end_of_pin_init                      text2        00118E
__end_of_timer0_handle_interrupt       text6        00111E
__end_of_timer0_init                   text1        00115E
__initialization                       cinit        00111E
__mediumconst                          smallconst   001000
__pbssCOMRAM                           bssCOMRAM    000001
__pcinit                               cinit        00111E
__pcstackCOMRAM                        cstackCOMRAM 000021
__pivt0x8                              ivt0x8       000008
__psmallconst                          smallconst   001000
__ptext0                               text0        001002
__ptext1                               text1        001140
__ptext2                               text2        00117A
__ptext3                               text3        001088
__ptext4                               text4        0010D2
__ptext5                               text5        001160
__ptext6                               text6        0010F8
__ramtop                               ramtop       001000
__smallconst                           smallconst   001000
_buf                                   bssCOMRAM    000017
_buf@can_tx_buffer$F868                bssCOMRAM    00000D
_can_rcv_cb                            bssCOMRAM    000009
_ctx                                   bssCOMRAM    000005
_main                                  text0        001002
_millis                                text4        0010D2
_millis_counter                        bssCOMRAM    000001
_osc_init                              text3        001088
_overflow_flag                         bssCOMRAM    00000C
_pin_init                              text2        00117A
_timer0_handle_interrupt               text6        0010F8
_timer0_init                           text1        001140
end_of_initialization                  cinit        001136
intlevel0                              text         000000
intlevel1                              text         000000
intlevel2                              text         000000
intlevel3                              text         000000
isa$std                                (abs)        000001
isa$xinst                              (abs)        000000
ivt0x8_base                            ivt0x8       000008
ivt0x8_undefint                        ivt0x8       0000A6
main@last_millis                       cstackCOMRAM 00002D
millis@res                             cstackCOMRAM 000025
osc_init@i                             cstackCOMRAM 000021
stackhi                                (abs)        000000
stacklo                                (abs)        000000
start                                  init         0000A8
start_initialization                   cinit        00111E
timer0_handle_interrupt@internal_count bssCOMRAM    00000B


MODULE INFORMATION

Module		Function		Class		Link	Load	Size
rocketlib/pic18f26k83/timer.c
		_millis        		CODE           	10D2	0000	38
		_timer0_handle_interrupt		CODE           	10F8	0000	38
		_timer0_init   		CODE           	1140	0000	30

rocketlib/pic18f26k83/timer.c estimated size: 106

shared
		__initialization		CODE           	111E	0000	24

shared estimated size: 24

setup.c
		_osc_init      		CODE           	1088	0000	74
		_pin_init      		CODE           	117A	0000	20

setup.c estimated size: 94

main.c
		_ISR           		CODE           	1160	0000	26
		_main          		CODE           	1002	0000	134

main.c estimated size: 160

